Component: ARM Compiler 5.06 update 3 (build 300) Tool: armlink [4d35c9]

==============================================================================

Section Cross References

    main.o(.text) refers to hx711.o(.text) for HX711_Read
    main.o(.text) refers to ffltui.o(.text) for __aeabi_ui2f
    main.o(.text) refers to delay.o(.text) for delay_ms
    main.o(.text) refers to lcd.o(.text) for LCD_DrawRectangle
    main.o(.text) refers to fadd.o(.text) for __aeabi_fsub
    main.o(.text) refers to f2d.o(.text) for __aeabi_f2d
    main.o(.text) refers to ddiv.o(.text) for __aeabi_ddiv
    main.o(.text) refers to d2f.o(.text) for __aeabi_d2f
    main.o(.text) refers to tasks.o(.text) for vTaskDelay
    main.o(.text) refers to motor.o(.text) for JudegTrash
    main.o(.text) refers to printfa.o(i.__0printf) for __2printf
    main.o(.text) refers to sim800c.o(.text) for sim800c_send_cmd
    main.o(.text) refers to ffixui.o(.text) for __aeabi_f2uiz
    main.o(.text) refers to pack_unpack.o(i.json_pack) for json_pack
    main.o(.text) refers to dump.o(i.json_dumps) for json_dumps
    main.o(.text) refers to malloc.o(i.free) for free
    main.o(.text) refers to port.o(.text) for vPortEnterCritical
    main.o(.text) refers to misc.o(.text) for NVIC_PriorityGroupConfig
    main.o(.text) refers to usart.o(.text) for uart_init
    main.o(.text) refers to led.o(.text) for LED_Init
    main.o(.text) refers to key.o(.text) for KEY_Init
    main.o(.text) refers to exti.o(.text) for EXTIX_Init
    main.o(.text) refers to usart2.o(.text) for USART2_Init
    main.o(.text) refers to lcd.o(.data) for POINT_COLOR
    main.o(.text) refers to main.o(.data) for .data
    system_stm32f10x.o(.text) refers to system_stm32f10x.o(.data) for .data
    led.o(.text) refers to stm32f10x_rcc.o(.text) for RCC_APB2PeriphClockCmd
    led.o(.text) refers to stm32f10x_gpio.o(.text) for GPIO_Init
    lcd.o(.text) refers to delay.o(.text) for delay_us
    lcd.o(.text) refers to lcd.o(.bss) for .bss
    lcd.o(.text) refers to dfltui.o(.text) for __aeabi_ui2d
    lcd.o(.text) refers to dmul.o(.text) for __aeabi_dmul
    lcd.o(.text) refers to dfixui.o(.text) for __aeabi_d2uiz
    lcd.o(.text) refers to lcd.o(.data) for .data
    lcd.o(.text) refers to stm32f10x_rcc.o(.text) for RCC_APB2PeriphClockCmd
    lcd.o(.text) refers to stm32f10x_gpio.o(.text) for GPIO_PinRemapConfig
    lcd.o(.text) refers to printfa.o(i.__0printf) for __2printf
    lcd.o(.text) refers to lcd.o(.constdata) for .constdata
    timer.o(.text) refers to stm32f10x_rcc.o(.text) for RCC_APB1PeriphClockCmd
    timer.o(.text) refers to stm32f10x_tim.o(.text) for TIM_TimeBaseInit
    timer.o(.text) refers to misc.o(.text) for NVIC_Init
    timer.o(.text) refers to printfa.o(i.__0printf) for __2printf
    exti.o(.text) refers to stm32f10x_rcc.o(.text) for RCC_APB2PeriphClockCmd
    exti.o(.text) refers to key.o(.text) for KEY_Init
    exti.o(.text) refers to stm32f10x_gpio.o(.text) for GPIO_EXTILineConfig
    exti.o(.text) refers to stm32f10x_exti.o(.text) for EXTI_Init
    exti.o(.text) refers to misc.o(.text) for NVIC_Init
    exti.o(.text) refers to delay.o(.text) for delay_xms
    exti.o(.text) refers to tasks.o(.text) for xTaskResumeFromISR
    exti.o(.text) refers to printfa.o(i.__0printf) for __2printf
    exti.o(.text) refers to main.o(.data) for Task1Task_Handler
    key.o(.text) refers to stm32f10x_rcc.o(.text) for RCC_APB2PeriphClockCmd
    key.o(.text) refers to stm32f10x_gpio.o(.text) for GPIO_PinRemapConfig
    key.o(.text) refers to delay.o(.text) for delay_ms
    key.o(.text) refers to key.o(.data) for .data
    hx711.o(.text) refers to stm32f10x_rcc.o(.text) for RCC_APB2PeriphClockCmd
    hx711.o(.text) refers to stm32f10x_gpio.o(.text) for GPIO_Init
    hx711.o(.text) refers to delay.o(.text) for delay_us
    sim800c.o(.text) refers to printfa.o(i.__0printf) for __2printf
    sim800c.o(.text) refers to strstr.o(.text) for strstr
    sim800c.o(.text) refers to usart2.o(.text) for u2_printf
    sim800c.o(.text) refers to delay.o(.text) for delay_ms
    sim800c.o(.text) refers to printfa.o(i.__0sprintf) for __2sprintf
    sim800c.o(.text) refers to usart2.o(.data) for USART2_RX_STA
    sim800c.o(.text) refers to usart2.o(.bss) for USART2_RX_BUF
    usart2.o(.text) refers to stm32f10x_tim.o(.text) for TIM_SetCounter
    usart2.o(.text) refers to stm32f10x_usart.o(.text) for USART_GetITStatus
    usart2.o(.text) refers to stm32f10x_rcc.o(.text) for RCC_APB1PeriphClockCmd
    usart2.o(.text) refers to misc.o(.text) for NVIC_Init
    usart2.o(.text) refers to stm32f10x_dma.o(.text) for DMA_DeInit
    usart2.o(.text) refers to stm32f10x_gpio.o(.text) for GPIO_Init
    usart2.o(.text) refers to printfa.o(i.__0vsprintf) for __c89vsprintf
    usart2.o(.text) refers to strlen.o(.text) for strlen
    usart2.o(.text) refers to usart2.o(.data) for .data
    usart2.o(.text) refers to usart2.o(.bss) for .bss
    usart2.o(.text) refers to sim800c.o(.data) for Scan_Wtime
[...]
    __use_no_fp                              0x00000000   Number         0  useno.o ABSOLUTE
    __use_no_heap                            0x00000000   Number         0  useno.o ABSOLUTE
    __use_no_heap_region                     0x00000000   Number         0  useno.o ABSOLUTE
    __use_no_semihosting                     0x00000000   Number         0  useno.o ABSOLUTE
    __use_no_semihosting_swi                 0x00000000   Number         0  useno.o ABSOLUTE
    __use_no_signal_handling                 0x00000000   Number         0  useno.o ABSOLUTE
    _printf_a                                0x00000000   Number         0  stubs.o ABSOLUTE
    _printf_c                                0x00000000   Number         0  stubs.o ABSOLUTE
    _printf_charcount                        0x00000000   Number         0  stubs.o ABSOLUTE
    _printf_d                                0x00000000   Number         0  stubs.o ABSOLUTE
    _printf_e                                0x00000000   Number         0  stubs.o ABSOLUTE
    _printf_f                                0x00000000   Number         0  stubs.o ABSOLUTE
    _printf_flags                            0x00000000   Number         0  stubs.o ABSOLUTE
    _printf_fp_dec                           0x00000000   Number         0  stubs.o ABSOLUTE
    _printf_fp_hex                           0x00000000   Number         0  stubs.o ABSOLUTE
    _printf_g                                0x00000000   Number         0  stubs.o ABSOLUTE
    _printf_i                                0x00000000   Number         0  stubs.o ABSOLUTE
    _printf_int_dec                          0x00000000   Number         0  stubs.o ABSOLUTE
    _printf_l                                0x00000000   Number         0  stubs.o ABSOLUTE
    _printf_lc                               0x00000000   Number         0  stubs.o ABSOLUTE
    _printf_ll                               0x00000000   Number         0  stubs.o ABSOLUTE
    _printf_lld                              0x00000000   Number         0  stubs.o ABSOLUTE
    _printf_lli                              0x00000000   Number         0  stubs.o ABSOLUTE
    _printf_llo                              0x00000000   Number         0  stubs.o ABSOLUTE
    _printf_llu                              0x00000000   Number         0  stubs.o ABSOLUTE
    _printf_llx                              0x00000000   Number         0  stubs.o ABSOLUTE
    _printf_longlong_dec                     0x00000000   Number         0  stubs.o ABSOLUTE
    _printf_longlong_hex                     0x00000000   Number         0  stubs.o ABSOLUTE
    _printf_longlong_oct                     0x00000000   Number         0  stubs.o ABSOLUTE
    _printf_ls                               0x00000000   Number         0  stubs.o ABSOLUTE
    _printf_mbtowc                           0x00000000   Number         0  stubs.o ABSOLUTE
    _printf_n                                0x00000000   Number         0  stubs.o ABSOLUTE
    _printf_o                                0x00000000   Number         0  stubs.o ABSOLUTE
    _printf_p                                0x00000000   Number         0  stubs.o ABSOLUTE
    _printf_percent                          0x00000000   Number         0  stubs.o ABSOLUTE
    _printf_pre_padding                      0x00000000   Number         0  stubs.o ABSOLUTE
    _printf_return_value                     0x00000000   Number         0  stubs.o ABSOLUTE
    _printf_s                                0x00000000   Number         0  stubs.o ABSOLUTE
    _printf_sizespec                         0x00000000   Number         0  stubs.o ABSOLUTE
    _printf_str                              0x00000000   Number         0  stubs.o ABSOLUTE
    _printf_truncate_signed                  0x00000000   Number         0  stubs.o ABSOLUTE
    _printf_truncate_unsigned                0x00000000   Number         0  stubs.o ABSOLUTE
    _printf_u                                0x00000000   Number         0  stubs.o ABSOLUTE
    _printf_wc                               0x00000000   Number         0  stubs.o ABSOLUTE
    _printf_wctomb                           0x00000000   Number         0  stubs.o ABSOLUTE
    _printf_widthprec                        0x00000000   Number         0  stubs.o ABSOLUTE
    _printf_x                                0x00000000   Number         0  stubs.o ABSOLUTE
    __cpp_initialize__aeabi_                  - Undefined Weak Reference
    __cxa_finalize                            - Undefined Weak Reference
    _clock_init                               - Undefined Weak Reference
    _microlib_exit                            - Undefined Weak Reference
    __Vectors_Size                           0x00000130   Number         0  startup_stm32f10x_hd.o ABSOLUTE
    __Vectors                                0x08000000   Data           4  startup_stm32f10x_hd.o(RESET)
    __Vectors_End                            0x08000130   Data           0  startup_stm32f10x_hd.o(RESET)
    __main                                   0x08000131   Thumb Code     0  entry.o(.ARM.Collect$$$$00000000)
    _main_stk                                0x08000131   Thumb Code     0  entry2.o(.ARM.Collect$$$$00000001)
    _main_scatterload                        0x08000135   Thumb Code     0  entry5.o(.ARM.Collect$$$$00000004)
    __main_after_scatterload                 0x08000139   Thumb Code     0  entry5.o(.ARM.Collect$$$$00000004)
    _main_clock                              0x08000139   Thumb Code     0  entry7b.o(.ARM.Collect$$$$00000008)
    _main_cpp_init                           0x08000139   Thumb Code     0  entry8b.o(.ARM.Collect$$$$0000000A)
    _main_init                               0x08000139   Thumb Code     0  entry9a.o(.ARM.Collect$$$$0000000B)
    __rt_final_cpp                           0x08000141   Thumb Code     0  entry10a.o(.ARM.Collect$$$$0000000D)
    __rt_final_exit                          0x08000141   Thumb Code     0  entry11a.o(.ARM.Collect$$$$0000000F)
    SVC_Handler                              0x08000145   Thumb Code    32  port.o(.emb_text)
    __asm___6_port_c_39a90d8d__prvStartFirstTask 0x08000169   Thumb Code    28  port.o(.emb_text)
    PendSV_Handler                           0x08000189   Thumb Code    72  port.o(.emb_text)
    vPortGetIPSR                             0x080001d5   Thumb Code     6  port.o(.emb_text)
    task2_task                               0x080001dd   Thumb Code   234  main.o(.text)
    task1_task                               0x080002c7   Thumb Code   160  main.o(.text)
    key_task                                 0x08000367   Thumb Code   186  main.o(.text)
    start_task                               0x08000421   Thumb Code    94  main.o(.text)
    main                                     0x0800047f   Thumb Code   182  main.o(.text)
    NMI_Handler                              0x0800068d   Thumb Code     2  stm32f10x_it.o(.text)
    HardFault_Handler                        0x0800068f   Thumb Code     2  stm32f10x_it.o(.text)
    MemManage_Handler                        0x08000691   Thumb Code     2  stm32f10x_it.o(.text)
    BusFault_Handler                         0x08000693   Thumb Code     2  stm32f10x_it.o(.text)
    UsageFault_Handler                       0x08000695   Thumb Code     2  stm32f10x_it.o(.text)
    DebugMon_Handler                         0x08000697   Thumb Code     2  stm32f10x_it.o(.text)
    SystemInit                               0x08000739   Thumb Code    64  system_stm32f10x.o(.text)
    SystemCoreClockUpdate                    0x08000779   Thumb Code    86  system_stm32f10x.o(.text)
    LED_Init                                 0x080007f1   Thumb Code    74  led.o(.text)
    LCD_WR_REG                               0x08000845   Thumb Code    26  lcd.o(.text)
    LCD_WR_DATAX                             0x0800085f   Thumb Code    26  lcd.o(.text)
    LCD_RD_DATA                              0x08000879   Thumb Code   102  lcd.o(.text)
    LCD_WriteReg                             0x080008df   Thumb Code    34  lcd.o(.text)
    LCD_ReadReg                              0x08000901   Thumb Code    12  lcd.o(.text)
    LCD_WriteRAM_Prepare                     0x0800090d   Thumb Code     6  lcd.o(.text)
    LCD_WriteRAM                             0x08000913   Thumb Code    26  lcd.o(.text)
    LCD_BGR2RGB                              0x0800092d   Thumb Code    18  lcd.o(.text)
    opt_delay                                0x0800093f   Thumb Code     8  lcd.o(.text)
    LCD_SetCursor                            0x08000947   Thumb Code   828  lcd.o(.text)
    LCD_ReadPoint                            0x08000c83   Thumb Code   388  lcd.o(.text)
    LCD_DisplayOn                            0x08000e07   Thumb Code    62  lcd.o(.text)
    LCD_DisplayOff                           0x08000e45   Thumb Code    60  lcd.o(.text)
    LCD_Scan_Dir                             0x08000e81   Thumb Code   748  lcd.o(.text)
    LCD_DrawPoint                            0x0800116d   Thumb Code    40  lcd.o(.text)
    LCD_Fast_DrawPoint                       0x08001195   Thumb Code   676  lcd.o(.text)
    LCD_SSD_BackLightSet                     0x08001439   Thumb Code   142  lcd.o(.text)
    LCD_Display_Dir                          0x080014c7   Thumb Code   324  lcd.o(.text)
    LCD_Set_Window                           0x0800160b   Thumb Code   836  lcd.o(.text)
    LCD_Clear                                0x0800194f   Thumb Code   120  lcd.o(.text)
    LCD_Init                                 0x080019c7   Thumb Code 14308  lcd.o(.text)
    LCD_Fill                                 0x080051ab   Thumb Code   156  lcd.o(.text)
    LCD_Color_Fill                           0x08005247   Thumb Code   108  lcd.o(.text)
    LCD_DrawLine                             0x080052b3   Thumb Code   150  lcd.o(.text)
    LCD_DrawRectangle                        0x08005349   Thumb Code    54  lcd.o(.text)
    LCD_Draw_Circle                          0x0800537f   Thumb Code   176  lcd.o(.text)
    LCD_ShowChar                             0x0800542f   Thumb Code   180  lcd.o(.text)
    LCD_Pow                                  0x080054e3   Thumb Code    16  lcd.o(.text)
    LCD_ShowNum                              0x080054f3   Thumb Code   116  lcd.o(.text)
    LCD_ShowxNum                             0x08005567   Thumb Code   164  lcd.o(.text)
    LCD_ShowString                           0x0800560b   Thumb Code    82  lcd.o(.text)
    TIM3_Int_Init                            0x0800565d   Thumb Code    90  timer.o(.text)
    TIM5_Int_Init                            0x080056b7   Thumb Code    90  timer.o(.text)
    TIM3_IRQHandler                          0x08005711   Thumb Code    34  timer.o(.text)
    TIM5_IRQHandler                          0x08005733   Thumb Code    34  timer.o(.text)
    EXTIX_Init                               0x08005785   Thumb Code   134  exti.o(.text)
    EXTI9_5_IRQHandler                       0x0800580b   Thumb Code    62  exti.o(.text)
    EXTI15_10_IRQHandler                     0x08005849   Thumb Code    80  exti.o(.text)
    KEY_Init                                 0x080058c5   Thumb Code    82  key.o(.text)
    KEY_Scan                                 0x08005917   Thumb Code   158  key.o(.text)
    ADInit                                   0x080059c5   Thumb Code    66  hx711.o(.text)
    HX711_Read                               0x08005a07   Thumb Code   144  hx711.o(.text)
    JudegTrash                               0x08005a9d   Thumb Code    30  motor.o(.text)
    sim_at_response                          0x08005ac9   Thumb Code    36  sim800c.o(.text)
    sim800c_check_cmd                        0x08005aed   Thumb Code    28  sim800c.o(.text)
    sim800c_send_cmd                         0x08005b09   Thumb Code    96  sim800c.o(.text)
    ntp_update                               0x08005b69   Thumb Code    72  sim800c.o(.text)
    sim800c_gsminfo_show                     0x08005bb1   Thumb Code   146  sim800c.o(.text)
    sim800c_gsm_config                       0x08005c43   Thumb Code   154  sim800c.o(.text)
    TIM4_Set                                 0x08005e9d   Thumb Code    34  usart2.o(.text)
    USART2_IRQHandler                        0x08005ebf   Thumb Code    72  usart2.o(.text)
    TIM4_Init                                0x08005f07   Thumb Code    82  usart2.o(.text)
    UART_DMA_Config                          0x08005f59   Thumb Code    66  usart2.o(.text)
    USART2_Init                              0x08005f9b   Thumb Code   208  usart2.o(.text)
    UART_DMA_Enable                          0x0800606b   Thumb Code    32  usart2.o(.text)
    u2_printf                                0x0800608b   Thumb Code    46  usart2.o(.text)
    TIM4_SetARR                              0x080060b9   Thumb Code    30  usart2.o(.text)
    TIM4_IRQHandler                          0x080060d7   Thumb Code    90  usart2.o(.text)
    SysTick_Handler                          0x08006151   Thumb Code    20  delay.o(.text)
    delay_init                               0x08006165   Thumb Code    60  delay.o(.text)
    delay_us                                 0x080061a1   Thumb Code    48  delay.o(.text)
    delay_ms                                 0x080061d1   Thumb Code    50  delay.o(.text)
    delay_xms                                0x08006203   Thumb Code    26  delay.o(.text)
    _sys_exit                                0x08006229   Thumb Code     2  usart.o(.text)
    fputc                                    0x0800622b   Thumb Code    18  usart.o(.text)
    uart_init                                0x0800623d   Thumb Code   152  usart.o(.text)
    USART1_IRQHandler                        0x080062d5   Thumb Code    88  usart.o(.text)
    Reset_Handler                            0x0800633d   Thumb Code     8  startup_stm32f10x_hd.o(.text)
    ADC1_2_IRQHandler                        0x08006357   Thumb Code     0  startup_stm32f10x_hd.o(.text)
    ADC3_IRQHandler                          0x08006357   Thumb Code     0  startup_stm32f10x_hd.o(.text)
    CAN1_RX1_IRQHandler                      0x08006357   Thumb Code     0  startup_stm32f10x_hd.o(.text)
    CAN1_SCE_IRQHandler                      0x08006357   Thumb Code     0  startup_stm32f10x_hd.o(.text)
    DMA1_Channel1_IRQHandler                 0x08006357   Thumb Code     0  startup_stm32f10x_hd.o(.text)
    DMA1_Channel2_IRQHandler                 0x08006357   Thumb Code     0  startup_stm32f10x_hd.o(.text)
    DMA1_Channel3_IRQHandler                 0x08006357   Thumb Code     0  startup_stm32f10x_hd.o(.text)
    DMA1_Channel4_IRQHandler                 0x08006357   Thumb Code     0  startup_stm32f10x_hd.o(.text)
    DMA1_Channel5_IRQHandler                 0x08006357   Thumb Code     0  startup_stm32f10x_hd.o(.text)
    DMA1_Channel6_IRQHandler                 0x08006357   Thumb Code     0  startup_stm32f10x_hd.o(.text)
    DMA1_Channel7_IRQHandler                 0x08006357   Thumb Code     0  startup_stm32f10x_hd.o(.text)
    DMA2_Channel1_IRQHandler                 0x08006357   Thumb Code     0  startup_stm32f10x_hd.o(.text)
    DMA2_Channel2_IRQHandler                 0x08006357   Thumb Code     0  startup_stm32f10x_hd.o(.text)
    DMA2_Channel3_IRQHandler                 0x08006357   Thumb Code     0  startup_stm32f10x_hd.o(.text)
    DMA2_Channel4_5_IRQHandler               0x08006357   Thumb Code     0  startup_stm32f10x_hd.o(.text)
    EXTI0_IRQHandler                         0x08006357   Thumb Code     0  startup_stm32f10x_hd.o(.text)
    EXTI1_IRQHandler                         0x08006357   Thumb Code     0  startup_stm32f10x_hd.o(.text)
    EXTI2_IRQHandler                         0x08006357   Thumb Code     0  startup_stm32f10x_hd.o(.text)
    EXTI3_IRQHandler                         0x08006357   Thumb Code     0  startup_stm32f10x_hd.o(.text)
    EXTI4_IRQHandler                         0x08006357   Thumb Code     0  startup_stm32f10x_hd.o(.text)
    FLASH_IRQHandler                         0x08006357   Thumb Code     0  startup_stm32f10x_hd.o(.text)
    FSMC_IRQHandler                          0x08006357   Thumb Code     0  startup_stm32f10x_hd.o(.text)
    I2C1_ER_IRQHandler                       0x08006357   Thumb Code     0  startup_stm32f10x_hd.o(.text)
    I2C1_EV_IRQHandler                       0x08006357   Thumb Code     0  startup_stm32f10x_hd.o(.text)
    I2C2_ER_IRQHandler                       0x08006357   Thumb Code     0  startup_stm32f10x_hd.o(.text)
    I2C2_EV_IRQHandler                       0x08006357   Thumb Code     0  startup_stm32f10x_hd.o(.text)
    PVD_IRQHandler                           0x08006357   Thumb Code     0  startup_stm32f10x_hd.o(.text)
    RCC_IRQHandler                           0x08006357   Thumb Code     0  startup_stm32f10x_hd.o(.text)
    RTCAlarm_IRQHandler                      0x08006357   Thumb Code     0  startup_stm32f10x_hd.o(.text)
    RTC_IRQHandler                           0x08006357   Thumb Code     0  startup_stm32f10x_hd.o(.text)
    SDIO_IRQHandler                          0x08006357   Thumb Code     0  startup_stm32f10x_hd.o(.text)
    SPI1_IRQHandler                          0x08006357   Thumb Code     0  startup_stm32f10x_hd.o(.text)
    SPI2_IRQHandler                          0x08006357   Thumb Code     0  startup_stm32f10x_hd.o(.text)
    SPI3_IRQHandler                          0x08006357   Thumb Code     0  startup_stm32f10x_hd.o(.text)
    TAMPER_IRQHandler                        0x08006357   Thumb Code     0  startup_stm32f10x_hd.o(.text)
    TIM1_BRK_IRQHandler                      0x08006357   Thumb Code     0  startup_stm32f10x_hd.o(.text)
    TIM1_CC_IRQHandler                       0x08006357   Thumb Code     0  startup_stm32f10x_hd.o(.text)
    TIM1_TRG_COM_IRQHandler                  0x08006357   Thumb Code     0  startup_stm32f10x_hd.o(.text)
    TIM1_UP_IRQHandler                       0x08006357   Thumb Code     0  startup_stm32f10x_hd.o(.text)
    TIM2_IRQHandler                          0x08006357   Thumb Code     0  startup_stm32f10x_hd.o(.text)
    TIM6_IRQHandler                          0x08006357   Thumb Code     0  startup_stm32f10x_hd.o(.text)
    TIM7_IRQHandler                          0x08006357   Thumb Code     0  startup_stm32f10x_hd.o(.text)
    TIM8_BRK_IRQHandler                      0x08006357   Thumb Code     0  startup_stm32f10x_hd.o(.text)
    TIM8_CC_IRQHandler                       0x08006357   Thumb Code     0  startup_stm32f10x_hd.o(.text)
    TIM8_TRG_COM_IRQHandler                  0x08006357   Thumb Code     0  startup_stm32f10x_hd.o(.text)
    TIM8_UP_IRQHandler                       0x08006357   Thumb Code     0  startup_stm32f10x_hd.o(.text)
    UART4_IRQHandler                         0x08006357   Thumb Code     0  startup_stm32f10x_hd.o(.text)
    UART5_IRQHandler                         0x08006357   Thumb Code     0  startup_stm32f10x_hd.o(.text)
    USART3_IRQHandler                        0x08006357   Thumb Code     0  startup_stm32f10x_hd.o(.text)
    USBWakeUp_IRQHandler                     0x08006357   Thumb Code     0  startup_stm32f10x_hd.o(.text)
    USB_HP_CAN1_TX_IRQHandler                0x08006357   Thumb Code     0  startup_stm32f10x_hd.o(.text)
    USB_LP_CAN1_RX0_IRQHandler               0x08006357   Thumb Code     0  startup_stm32f10x_hd.o(.text)
    WWDG_IRQHandler                          0x08006357   Thumb Code     0  startup_stm32f10x_hd.o(.text)
    NVIC_PriorityGroupConfig                 0x08006361   Thumb Code    10  misc.o(.text)
    NVIC_Init                                0x0800636b   Thumb Code    94  misc.o(.text)
    NVIC_SetVectorTable                      0x080063c9   Thumb Code    14  misc.o(.text)
    NVIC_SystemLPConfig                      0x080063d7   Thumb Code    20  misc.o(.text)
    SysTick_CLKSourceConfig                  0x080063eb   Thumb Code    24  misc.o(.text)
    GPIO_DeInit                              0x08006411   Thumb Code   152  stm32f10x_gpio.o(.text)
    GPIO_AFIODeInit                          0x080064a9   Thumb Code    22  stm32f10x_gpio.o(.text)
    GPIO_Init                                0x080064bf   Thumb Code   156  stm32f10x_gpio.o(.text)
    GPIO_StructInit                          0x0800655b   Thumb Code    16  stm32f10x_gpio.o(.text)
    GPIO_ReadInputDataBit                    0x0800656b   Thumb Code    14  stm32f10x_gpio.o(.text)
    GPIO_ReadInputData                       0x08006579   Thumb Code     6  stm32f10x_gpio.o(.text)
    GPIO_ReadOutputDataBit                   0x0800657f   Thumb Code    14  stm32f10x_gpio.o(.text)
    GPIO_ReadOutputData                      0x0800658d   Thumb Code     6  stm32f10x_gpio.o(.text)
    GPIO_SetBits                             0x08006593   Thumb Code     4  stm32f10x_gpio.o(.text)
    GPIO_ResetBits                           0x08006597   Thumb Code     4  stm32f10x_gpio.o(.text)
    GPIO_WriteBit                            0x0800659b   Thumb Code    10  stm32f10x_gpio.o(.text)
    GPIO_Write                               0x080065a5   Thumb Code     4  stm32f10x_gpio.o(.text)
    GPIO_PinLockConfig                       0x080065a9   Thumb Code    16  stm32f10x_gpio.o(.text)
    GPIO_EventOutputConfig                   0x080065b9   Thumb Code    22  stm32f10x_gpio.o(.text)
    GPIO_EventOutputCmd                      0x080065cf   Thumb Code     6  stm32f10x_gpio.o(.text)
    GPIO_PinRemapConfig                      0x080065d5   Thumb Code    82  stm32f10x_gpio.o(.text)
    GPIO_EXTILineConfig                      0x08006627   Thumb Code    34  stm32f10x_gpio.o(.text)
    GPIO_ETH_MediaInterfaceConfig            0x08006649   Thumb Code     8  stm32f10x_gpio.o(.text)
    RCC_DeInit                               0x08006675   Thumb Code    50  stm32f10x_rcc.o(.text)
    RCC_HSEConfig                            0x080066a7   Thumb Code    48  stm32f10x_rcc.o(.text)
    RCC_GetFlagStatus                        0x080066d7   Thumb Code    42  stm32f10x_rcc.o(.text)
    RCC_WaitForHSEStartUp                    0x08006701   Thumb Code    44  stm32f10x_rcc.o(.text)
    RCC_AdjustHSICalibrationValue            0x0800672d   Thumb Code    16  stm32f10x_rcc.o(.text)
    RCC_HSICmd                               0x0800673d   Thumb Code     6  stm32f10x_rcc.o(.text)
    RCC_PLLConfig                            0x08006743   Thumb Code    16  stm32f10x_rcc.o(.text)
    RCC_PLLCmd                               0x08006753   Thumb Code     6  stm32f10x_rcc.o(.text)
    RCC_SYSCLKConfig                         0x08006759   Thumb Code    14  stm32f10x_rcc.o(.text)
    RCC_GetSYSCLKSource                      0x08006767   Thumb Code    10  stm32f10x_rcc.o(.text)
    RCC_HCLKConfig                           0x08006771   Thumb Code    14  stm32f10x_rcc.o(.text)
    RCC_PCLK1Config                          0x0800677f   Thumb Code    14  stm32f10x_rcc.o(.text)
    RCC_PCLK2Config                          0x0800678d   Thumb Code    16  stm32f10x_rcc.o(.text)
    RCC_ITConfig                             0x0800679d   Thumb Code    18  stm32f10x_rcc.o(.text)
    RCC_USBCLKConfig                         0x080067af   Thumb Code     8  stm32f10x_rcc.o(.text)
    RCC_ADCCLKConfig                         0x080067b7   Thumb Code    14  stm32f10x_rcc.o(.text)
    RCC_LSEConfig                            0x080067c5   Thumb Code    28  stm32f10x_rcc.o(.text)
    RCC_LSICmd                               0x080067e1   Thumb Code     6  stm32f10x_rcc.o(.text)
    RCC_RTCCLKConfig                         0x080067e7   Thumb Code    10  stm32f10x_rcc.o(.text)
    RCC_RTCCLKCmd                            0x080067f1   Thumb Code     8  stm32f10x_rcc.o(.text)
    RCC_GetClocksFreq                        0x080067f9   Thumb Code   132  stm32f10x_rcc.o(.text)
    RCC_AHBPeriphClockCmd                    0x0800687d   Thumb Code    18  stm32f10x_rcc.o(.text)
    RCC_APB2PeriphClockCmd                   0x0800688f   Thumb Code    18  stm32f10x_rcc.o(.text)
    RCC_APB1PeriphClockCmd                   0x080068a1   Thumb Code    18  stm32f10x_rcc.o(.text)
    RCC_APB2PeriphResetCmd                   0x080068b3   Thumb Code    18  stm32f10x_rcc.o(.text)
    RCC_APB1PeriphResetCmd                   0x080068c5   Thumb Code    18  stm32f10x_rcc.o(.text)
    RCC_BackupResetCmd                       0x080068d7   Thumb Code     8  stm32f10x_rcc.o(.text)
    RCC_ClockSecuritySystemCmd               0x080068df   Thumb Code     6  stm32f10x_rcc.o(.text)
    RCC_MCOConfig                            0x080068e5   Thumb Code     6  stm32f10x_rcc.o(.text)
    RCC_ClearFlag                            0x080068eb   Thumb Code    12  stm32f10x_rcc.o(.text)
    RCC_GetITStatus                          0x080068f7   Thumb Code    16  stm32f10x_rcc.o(.text)
    RCC_ClearITPendingBit                    0x08006907   Thumb Code     6  stm32f10x_rcc.o(.text)
    USART_DeInit                             0x0800692d   Thumb Code    96  stm32f10x_usart.o(.text)
    USART_Init                               0x0800698d   Thumb Code   166  stm32f10x_usart.o(.text)
    USART_StructInit                         0x08006a33   Thumb Code    22  stm32f10x_usart.o(.text)
    USART_ClockInit                          0x08006a49   Thumb Code    30  stm32f10x_usart.o(.text)
    USART_ClockStructInit                    0x08006a67   Thumb Code    12  stm32f10x_usart.o(.text)
    USART_Cmd                                0x08006a73   Thumb Code    20  stm32f10x_usart.o(.text)
    USART_ITConfig                           0x08006a87   Thumb Code    48  stm32f10x_usart.o(.text)
    USART_DMACmd                             0x08006ab7   Thumb Code    16  stm32f10x_usart.o(.text)
    USART_SetAddress                         0x08006ac7   Thumb Code    16  stm32f10x_usart.o(.text)
    USART_WakeUpConfig                       0x08006ad7   Thumb Code    16  stm32f10x_usart.o(.text)
    USART_ReceiverWakeUpCmd                  0x08006ae7   Thumb Code    20  stm32f10x_usart.o(.text)
    USART_LINBreakDetectLengthConfig         0x08006afb   Thumb Code    16  stm32f10x_usart.o(.text)
    USART_LINCmd                             0x08006b0b   Thumb Code    20  stm32f10x_usart.o(.text)
    USART_SendData                           0x08006b1f   Thumb Code     8  stm32f10x_usart.o(.text)
    USART_ReceiveData                        0x08006b27   Thumb Code     8  stm32f10x_usart.o(.text)
    USART_SendBreak                          0x08006b2f   Thumb Code    10  stm32f10x_usart.o(.text)
    USART_SetGuardTime                       0x08006b39   Thumb Code    16  stm32f10x_usart.o(.text)
    USART_SetPrescaler                       0x08006b49   Thumb Code    16  stm32f10x_usart.o(.text)
    USART_SmartCardCmd                       0x08006b59   Thumb Code    20  stm32f10x_usart.o(.text)
    USART_SmartCardNACKCmd                   0x08006b6d   Thumb Code    20  stm32f10x_usart.o(.text)
    USART_HalfDuplexCmd                      0x08006b81   Thumb Code    20  stm32f10x_usart.o(.text)
    USART_OverSampling8Cmd                   0x08006b95   Thumb Code    20  stm32f10x_usart.o(.text)
    USART_OneBitMethodCmd                    0x08006ba9   Thumb Code    20  stm32f10x_usart.o(.text)
    USART_IrDAConfig                         0x08006bbd   Thumb Code    16  stm32f10x_usart.o(.text)
    USART_IrDACmd                            0x08006bcd   Thumb Code    20  stm32f10x_usart.o(.text)
    USART_GetFlagStatus                      0x08006be1   Thumb Code    14  stm32f10x_usart.o(.text)
    USART_ClearFlag                          0x08006bef   Thumb Code     6  stm32f10x_usart.o(.text)
    USART_GetITStatus                        0x08006bf5   Thumb Code    62  stm32f10x_usart.o(.text)
    USART_ClearITPendingBit                  0x08006c33   Thumb Code    12  stm32f10x_usart.o(.text)
    TIM_DeInit                               0x08006c55   Thumb Code   304  stm32f10x_tim.o(.text)
    TIM_TimeBaseInit                         0x08006d85   Thumb Code   114  stm32f10x_tim.o(.text)
    TIM_OC1Init                              0x08006df7   Thumb Code   106  stm32f10x_tim.o(.text)
    TIM_OC2Init                              0x08006e61   Thumb Code   120  stm32f10x_tim.o(.text)
    TIM_OC3Init                              0x08006ed9   Thumb Code   116  stm32f10x_tim.o(.text)
    TIM_OC4Init                              0x08006f4d   Thumb Code    90  stm32f10x_tim.o(.text)
    TIM_SetIC4Prescaler                      0x08006fa7   Thumb Code    24  stm32f10x_tim.o(.text)
    TIM_SetIC3Prescaler                      0x08006fbf   Thumb Code    16  stm32f10x_tim.o(.text)
    TIM_SetIC2Prescaler                      0x08006fcf   Thumb Code    24  stm32f10x_tim.o(.text)
    TIM_SetIC1Prescaler                      0x0800708d   Thumb Code    16  stm32f10x_tim.o(.text)
    TIM_ICInit                               0x080070f5   Thumb Code   270  stm32f10x_tim.o(.text)
    TIM_PWMIConfig                           0x08007203   Thumb Code   104  stm32f10x_tim.o(.text)
    TIM_BDTRConfig                           0x0800726b   Thumb Code    34  stm32f10x_tim.o(.text)
    TIM_TimeBaseStructInit                   0x0800728d   Thumb Code    18  stm32f10x_tim.o(.text)
    TIM_OCStructInit                         0x0800729f   Thumb Code    20  stm32f10x_tim.o(.text)
    TIM_ICStructInit                         0x080072b3   Thumb Code    16  stm32f10x_tim.o(.text)
    TIM_BDTRStructInit                       0x080072c3   Thumb Code    18  stm32f10x_tim.o(.text)
    TIM_Cmd                                  0x080072d5   Thumb Code    20  stm32f10x_tim.o(.text)
    TIM_CtrlPWMOutputs                       0x080072e9   Thumb Code    22  stm32f10x_tim.o(.text)
    TIM_ITConfig                             0x080072ff   Thumb Code    16  stm32f10x_tim.o(.text)
    TIM_GenerateEvent                        0x0800730f   Thumb Code     4  stm32f10x_tim.o(.text)
    TIM_DMAConfig                            0x08007313   Thumb Code     8  stm32f10x_tim.o(.text)
    TIM_DMACmd                               0x0800731b   Thumb Code    16  stm32f10x_tim.o(.text)
    TIM_InternalClockConfig                  0x0800732b   Thumb Code    10  stm32f10x_tim.o(.text)
    TIM_SelectInputTrigger                   0x08007335   Thumb Code    12  stm32f10x_tim.o(.text)
    TIM_ITRxExternalClockConfig              0x08007341   Thumb Code    18  stm32f10x_tim.o(.text)
    TIM_TIxExternalClockConfig               0x08007353   Thumb Code    46  stm32f10x_tim.o(.text)
    TIM_ETRConfig                            0x08007381   Thumb Code    24  stm32f10x_tim.o(.text)
    TIM_ETRClockMode1Config                  0x08007399   Thumb Code    18  stm32f10x_tim.o(.text)
    TIM_ETRClockMode2Config                  0x080073ab   Thumb Code    18  stm32f10x_tim.o(.text)
    TIM_PrescalerConfig                      0x080073bd   Thumb Code     6  stm32f10x_tim.o(.text)
    TIM_CounterModeConfig                    0x080073c3   Thumb Code    12  stm32f10x_tim.o(.text)
    TIM_EncoderInterfaceConfig               0x080073cf   Thumb Code    50  stm32f10x_tim.o(.text)
    TIM_ForcedOC1Config                      0x08007401   Thumb Code    12  stm32f10x_tim.o(.text)
    TIM_ForcedOC2Config                      0x0800740d   Thumb Code    20  stm32f10x_tim.o(.text)
    TIM_ForcedOC3Config                      0x08007421   Thumb Code    12  stm32f10x_tim.o(.text)
    TIM_ForcedOC4Config                      0x0800742d   Thumb Code    20  stm32f10x_tim.o(.text)
    TIM_ARRPreloadConfig                     0x08007441   Thumb Code    20  stm32f10x_tim.o(.text)
    TIM_SelectCOM                            0x08007455   Thumb Code    20  stm32f10x_tim.o(.text)
    TIM_SelectCCDMA                          0x08007469   Thumb Code    20  stm32f10x_tim.o(.text)
    TIM_CCPreloadControl                     0x0800747d   Thumb Code    20  stm32f10x_tim.o(.text)
    TIM_OC1PreloadConfig                     0x08007491   Thumb Code    32  stm32f10x_tim.o(.text)
    TIM_OC2PreloadConfig                     0x080074b1   Thumb Code    20  stm32f10x_tim.o(.text)
    TIM_OC3PreloadConfig                     0x080074c5   Thumb Code    12  stm32f10x_tim.o(.text)
    TIM_OC4PreloadConfig                     0x080074d1   Thumb Code    20  stm32f10x_tim.o(.text)
    TIM_OC1FastConfig                        0x080074e5   Thumb Code    12  stm32f10x_tim.o(.text)
    TIM_OC2FastConfig                        0x080074f1   Thumb Code    20  stm32f10x_tim.o(.text)
    TIM_OC3FastConfig                        0x08007505   Thumb Code    12  stm32f10x_tim.o(.text)
    TIM_OC4FastConfig                        0x08007511   Thumb Code    20  stm32f10x_tim.o(.text)
    TIM_ClearOC1Ref                          0x08007525   Thumb Code    12  stm32f10x_tim.o(.text)
    TIM_ClearOC2Ref                          0x08007531   Thumb Code    20  stm32f10x_tim.o(.text)
    TIM_ClearOC3Ref                          0x08007545   Thumb Code    12  stm32f10x_tim.o(.text)
    TIM_ClearOC4Ref                          0x08007551   Thumb Code    20  stm32f10x_tim.o(.text)
    TIM_OC1PolarityConfig                    0x08007565   Thumb Code    12  stm32f10x_tim.o(.text)
    TIM_OC1NPolarityConfig                   0x08007571   Thumb Code    12  stm32f10x_tim.o(.text)
    TIM_OC2PolarityConfig                    0x0800757d   Thumb Code    20  stm32f10x_tim.o(.text)
    TIM_OC2NPolarityConfig                   0x08007591   Thumb Code    20  stm32f10x_tim.o(.text)
    TIM_OC3PolarityConfig                    0x080075a5   Thumb Code    20  stm32f10x_tim.o(.text)
    TIM_OC3NPolarityConfig                   0x080075b9   Thumb Code    20  stm32f10x_tim.o(.text)
    TIM_OC4PolarityConfig                    0x080075cd   Thumb Code    20  stm32f10x_tim.o(.text)
    TIM_CCxCmd                               0x080075e1   Thumb Code    22  stm32f10x_tim.o(.text)
    TIM_CCxNCmd                              0x080075f7   Thumb Code    22  stm32f10x_tim.o(.text)
    TIM_SelectOCxM                           0x0800760d   Thumb Code    70  stm32f10x_tim.o(.text)
    TIM_UpdateDisableConfig                  0x08007653   Thumb Code    20  stm32f10x_tim.o(.text)
    TIM_UpdateRequestConfig                  0x08007667   Thumb Code    20  stm32f10x_tim.o(.text)
    TIM_SelectHallSensor                     0x0800767b   Thumb Code    20  stm32f10x_tim.o(.text)
    TIM_SelectOnePulseMode                   0x0800768f   Thumb Code    16  stm32f10x_tim.o(.text)
    TIM_SelectOutputTrigger                  0x0800769f   Thumb Code    16  stm32f10x_tim.o(.text)
    TIM_SelectSlaveMode                      0x080076af   Thumb Code    16  stm32f10x_tim.o(.text)
    TIM_SelectMasterSlaveMode                0x080076bf   Thumb Code    16  stm32f10x_tim.o(.text)
    TIM_SetCounter                           0x080076cf   Thumb Code     4  stm32f10x_tim.o(.text)
    TIM_SetAutoreload                        0x080076d3   Thumb Code     4  stm32f10x_tim.o(.text)
    TIM_SetCompare1                          0x080076d7   Thumb Code     4  stm32f10x_tim.o(.text)
    TIM_SetCompare2                          0x080076db   Thumb Code     4  stm32f10x_tim.o(.text)
    TIM_SetCompare3                          0x080076df   Thumb Code     4  stm32f10x_tim.o(.text)
    TIM_SetCompare4                          0x080076e3   Thumb Code     6  stm32f10x_tim.o(.text)
    TIM_SetClockDivision                     0x080076e9   Thumb Code    16  stm32f10x_tim.o(.text)
    TIM_GetCapture1                          0x080076f9   Thumb Code     4  stm32f10x_tim.o(.text)
    TIM_GetCapture2                          0x080076fd   Thumb Code     4  stm32f10x_tim.o(.text)
    TIM_GetCapture3                          0x08007701   Thumb Code     4  stm32f10x_tim.o(.text)
    TIM_GetCapture4                          0x08007705   Thumb Code     6  stm32f10x_tim.o(.text)
    TIM_GetCounter                           0x0800770b   Thumb Code     4  stm32f10x_tim.o(.text)
    TIM_GetPrescaler                         0x0800770f   Thumb Code     4  stm32f10x_tim.o(.text)
    TIM_GetFlagStatus                        0x08007713   Thumb Code    14  stm32f10x_tim.o(.text)
    TIM_ClearFlag                            0x08007721   Thumb Code     6  stm32f10x_tim.o(.text)
    TIM_GetITStatus                          0x08007727   Thumb Code    24  stm32f10x_tim.o(.text)
    TIM_ClearITPendingBit                    0x0800773f   Thumb Code     6  stm32f10x_tim.o(.text)
    EXTI_DeInit                              0x08007745   Thumb Code    28  stm32f10x_exti.o(.text)
    EXTI_Init                                0x08007761   Thumb Code   108  stm32f10x_exti.o(.text)
    EXTI_StructInit                          0x080077cd   Thumb Code    14  stm32f10x_exti.o(.text)
    EXTI_GenerateSWInterrupt                 0x080077db   Thumb Code    12  stm32f10x_exti.o(.text)
    EXTI_GetFlagStatus                       0x080077e7   Thumb Code    18  stm32f10x_exti.o(.text)
    EXTI_ClearFlag                           0x080077f9   Thumb Code     8  stm32f10x_exti.o(.text)
    EXTI_GetITStatus                         0x08007801   Thumb Code    28  stm32f10x_exti.o(.text)
    EXTI_ClearITPendingBit                   0x0800781d   Thumb Code     8  stm32f10x_exti.o(.text)
    DMA_DeInit                               0x0800782d   Thumb Code   218  stm32f10x_dma.o(.text)
    DMA_Init                                 0x08007907   Thumb Code    58  stm32f10x_dma.o(.text)
    DMA_StructInit                           0x08007941   Thumb Code    26  stm32f10x_dma.o(.text)
    DMA_Cmd                                  0x0800795b   Thumb Code    22  stm32f10x_dma.o(.text)
    DMA_ITConfig                             0x08007971   Thumb Code    16  stm32f10x_dma.o(.text)
    DMA_SetCurrDataCounter                   0x08007981   Thumb Code     4  stm32f10x_dma.o(.text)
    DMA_GetCurrDataCounter                   0x08007985   Thumb Code     6  stm32f10x_dma.o(.text)
    DMA_GetFlagStatus                        0x0800798b   Thumb Code    28  stm32f10x_dma.o(.text)
    DMA_ClearFlag                            0x080079a7   Thumb Code    20  stm32f10x_dma.o(.text)
    DMA_GetITStatus                          0x080079bb   Thumb Code    28  stm32f10x_dma.o(.text)
    DMA_ClearITPendingBit                    0x080079d7   Thumb Code    20  stm32f10x_dma.o(.text)
    vListInitialise                          0x080079f5   Thumb Code    22  list.o(.text)
    vListInitialiseItem                      0x08007a0b   Thumb Code     6  list.o(.text)
    vListInsertEnd                           0x08007a11   Thumb Code    24  list.o(.text)
    vListInsert                              0x08007a29   Thumb Code    48  list.o(.text)
    uxListRemove                             0x08007a59   Thumb Code    36  list.o(.text)
    xQueueGenericReset                       0x08007a7d   Thumb Code   128  queue.o(.text)
    xQueueGenericCreate                      0x08007afd   Thumb Code    82  queue.o(.text)
    xQueueGenericSend                        0x08007c9d   Thumb Code   350  queue.o(.text)
    xQueueCreateMutex                        0x08007dfb   Thumb Code    36  queue.o(.text)
    xQueueGiveMutexRecursive                 0x08007e1f   Thumb Code    98  queue.o(.text)
    xQueueGenericReceive                     0x08007ea7   Thumb Code   356  queue.o(.text)
    xQueueTakeMutexRecursive                 0x0800800b   Thumb Code    68  queue.o(.text)
    xQueueCreateCountingSemaphore            0x0800804f   Thumb Code    62  queue.o(.text)
    xQueueGenericSendFromISR                 0x0800808d   Thumb Code   200  queue.o(.text)
    xQueueGiveFromISR                        0x08008155   Thumb Code   172  queue.o(.text)
    xQueueReceiveFromISR                     0x08008201   Thumb Code   150  queue.o(.text)
    xQueuePeekFromISR                        0x08008297   Thumb Code   114  queue.o(.text)
    uxQueueMessagesWaiting                   0x08008309   Thumb Code    36  queue.o(.text)
    uxQueueSpacesAvailable                   0x0800832d   Thumb Code    40  queue.o(.text)
    uxQueueMessagesWaitingFromISR            0x08008355   Thumb Code    26  queue.o(.text)
    vQueueUnregisterQueue                    0x0800836f   Thumb Code    36  queue.o(.text)
    vQueueDelete                             0x08008393   Thumb Code    38  queue.o(.text)
    uxQueueGetQueueNumber                    0x080083b9   Thumb Code     4  queue.o(.text)
    vQueueSetQueueNumber                     0x080083bd   Thumb Code     4  queue.o(.text)
    ucQueueGetQueueType                      0x080083c1   Thumb Code     6  queue.o(.text)
    xQueueIsQueueEmptyFromISR                0x080083c7   Thumb Code    34  queue.o(.text)
    xQueueIsQueueFullFromISR                 0x080083e9   Thumb Code    38  queue.o(.text)
    vQueueAddToRegistry                      0x0800840f   Thumb Code    32  queue.o(.text)
    pcQueueGetName                           0x0800842f   Thumb Code    34  queue.o(.text)
    vQueueWaitForMessageRestricted           0x08008451   Thumb Code    68  queue.o(.text)
    xQueueCreateSet                          0x08008495   Thumb Code     8  queue.o(.text)
    xQueueAddToSet                           0x0800849d   Thumb Code    34  queue.o(.text)
    xQueueRemoveFromSet                      0x080084bf   Thumb Code    34  queue.o(.text)
    xQueueSelectFromSet                      0x080084e1   Thumb Code    18  queue.o(.text)
    xQueueSelectFromSetFromISR               0x080084f3   Thumb Code    18  queue.o(.text)
    xTaskCreate                              0x080085e9   Thumb Code    86  tasks.o(.text)
    vTaskDelete                              0x0800863f   Thumb Code   154  tasks.o(.text)
    xTaskIncrementTick                       0x080086d9   Thumb Code   186  tasks.o(.text)
    xTaskResumeAll                           0x08008793   Thumb Code   182  tasks.o(.text)
    vTaskSuspendAll                          0x080088af   Thumb Code    10  tasks.o(.text)
    vTaskDelayUntil                          0x080088b9   Thumb Code   180  tasks.o(.text)
    vTaskDelay                               0x0800896d   Thumb Code    66  tasks.o(.text)
    eTaskGetState                            0x080089af   Thumb Code    94  tasks.o(.text)
    uxTaskPriorityGet                        0x08008a0d   Thumb Code    24  tasks.o(.text)
    uxTaskPriorityGetFromISR                 0x08008a25   Thumb Code    40  tasks.o(.text)
    vTaskPrioritySet                         0x08008a4d   Thumb Code   184  tasks.o(.text)
    vTaskSwitchContext                       0x08008b05   Thumb Code    84  tasks.o(.text)
    vTaskSuspend                             0x08008b59   Thumb Code   156  tasks.o(.text)
    vTaskResume                              0x08008c25   Thumb Code   116  tasks.o(.text)
    xTaskResumeFromISR                       0x08008c99   Thumb Code   126  tasks.o(.text)
    vTaskStartScheduler                      0x08008d35   Thumb Code   130  tasks.o(.text)
    vTaskEndScheduler                        0x08008db7   Thumb Code    24  tasks.o(.text)
    xTaskGetTickCount                        0x08008dcf   Thumb Code     6  tasks.o(.text)
    xTaskGetTickCountFromISR                 0x08008dd5   Thumb Code    12  tasks.o(.text)
    uxTaskGetNumberOfTasks                   0x08008de1   Thumb Code     6  tasks.o(.text)
    pcTaskGetName                            0x08008de7   Thumb Code    38  tasks.o(.text)
    vTaskGetInfo                             0x08008e0d   Thumb Code   126  tasks.o(.text)
    uxTaskGetSystemState                     0x08008edf   Thumb Code   156  tasks.o(.text)
    vTaskPlaceOnEventList                    0x08008f7b   Thumb Code    46  tasks.o(.text)
    vTaskPlaceOnUnorderedEventList           0x08008fa9   Thumb Code    78  tasks.o(.text)
    vTaskPlaceOnEventListRestricted          0x08008ff7   Thumb Code    54  tasks.o(.text)
    xTaskRemoveFromEventList                 0x0800902d   Thumb Code   106  tasks.o(.text)
    xTaskRemoveFromUnorderedEventList        0x08009097   Thumb Code   116  tasks.o(.text)
    vTaskSetTimeOutState                     0x0800910b   Thumb Code    34  tasks.o(.text)
    xTaskCheckForTimeOut                     0x0800912d   Thumb Code   114  tasks.o(.text)
    vTaskMissedYield                         0x0800919f   Thumb Code     8  tasks.o(.text)
    uxTaskGetTaskNumber                      0x080091a7   Thumb Code     8  tasks.o(.text)
    vTaskSetTaskNumber                       0x080091af   Thumb Code     8  tasks.o(.text)
    xTaskGetCurrentTaskHandle                0x080091b7   Thumb Code     6  tasks.o(.text)
    xTaskGetSchedulerState                   0x080091bd   Thumb Code    22  tasks.o(.text)
    vTaskPriorityInherit                     0x080091d3   Thumb Code   124  tasks.o(.text)
    xTaskPriorityDisinherit                  0x0800924f   Thumb Code   144  tasks.o(.text)
    vTaskList                                0x080092df   Thumb Code   188  tasks.o(.text)
    uxTaskResetEventItemValue                0x0800939b   Thumb Code    20  tasks.o(.text)
    pvTaskIncrementMutexHeldCount            0x080093af   Thumb Code    18  tasks.o(.text)
    ulTaskNotifyTake                         0x080093c1   Thumb Code    96  tasks.o(.text)
    xTaskNotifyWait                          0x08009421   Thumb Code   128  tasks.o(.text)
    xTaskGenericNotify                       0x080094a1   Thumb Code   190  tasks.o(.text)
    xTaskGenericNotifyFromISR                0x0800955f   Thumb Code   256  tasks.o(.text)
    vTaskNotifyGiveFromISR                   0x0800965f   Thumb Code   168  tasks.o(.text)
    xTaskNotifyStateClear                    0x08009707   Thumb Code    44  tasks.o(.text)
    xTimerGenericCommand                     0x080098a9   Thumb Code    98  timers.o(.text)
    xTimerCreateTimerTask                    0x08009a2f   Thumb Code    58  timers.o(.text)
    xTimerCreate                             0x08009a69   Thumb Code    72  timers.o(.text)
    xTimerGetTimerDaemonTaskHandle           0x08009ab1   Thumb Code    24  timers.o(.text)
    xTimerGetPeriod                          0x08009ac9   Thumb Code    22  timers.o(.text)
    xTimerGetExpiryTime                      0x08009adf   Thumb Code    22  timers.o(.text)
    pcTimerGetName                           0x08009af5   Thumb Code    22  timers.o(.text)
    xTimerIsTimerActive                      0x08009b0b   Thumb Code    40  timers.o(.text)
    pvTimerGetTimerID                        0x08009b33   Thumb Code    32  timers.o(.text)
    vTimerSetTimerID                         0x08009b53   Thumb Code    34  timers.o(.text)
    xTimerPendFunctionCallFromISR            0x08009b75   Thumb Code    34  timers.o(.text)
    xTimerPendFunctionCall                   0x08009b97   Thumb Code    60  timers.o(.text)
    pxPortInitialiseStack                    0x08009daf   Thumb Code    32  port.o(.text)
    vPortSetupTimerInterrupt                 0x08009dcf   Thumb Code    26  port.o(.text)
    xPortStartScheduler                      0x08009de9   Thumb Code   108  port.o(.text)
    vPortEndScheduler                        0x08009e55   Thumb Code    24  port.o(.text)
    vPortEnterCritical                       0x08009e6d   Thumb Code    52  port.o(.text)
    vPortExitCritical                        0x08009ea1   Thumb Code    34  port.o(.text)
    xPortSysTickHandler                      0x08009ec3   Thumb Code    40  port.o(.text)
    vPortValidateInterruptPriority           0x08009eeb   Thumb Code    72  port.o(.text)
    pvPortMalloc                             0x08009fcd   Thumb Code   214  heap_4.o(.text)
    vPortFree                                0x0800a0a3   Thumb Code    96  heap_4.o(.text)
    xPortGetFreeHeapSize                     0x0800a103   Thumb Code     8  heap_4.o(.text)
    xPortGetMinimumEverFreeHeapSize          0x0800a10b   Thumb Code     8  heap_4.o(.text)
    vPortInitialiseBlocks                    0x0800a113   Thumb Code     2  heap_4.o(.text)
    seed_from_timestamp_and_pid              0x0800a199   Thumb Code     4  jansson_config.o(.text)
    __aeabi_uidiv                            0x0800a19d   Thumb Code     0  uidiv.o(.text)
    __aeabi_uidivmod                         0x0800a19d   Thumb Code    44  uidiv.o(.text)
    qsort                                    0x0800a1c9   Thumb Code   156  qsort.o(.text)
    ___aeabi_memcpy8$move                    0x0800a265   Thumb Code     0  memmovea.o(.text)
    __aeabi_memcpy                           0x0800a265   Thumb Code    64  memmovea.o(.text)
    __aeabi_memcpy4                          0x0800a265   Thumb Code     0  memmovea.o(.text)
    __aeabi_memmove                          0x0800a265   Thumb Code     0  memmovea.o(.text)
    __aeabi_memmove4                         0x0800a265   Thumb Code     0  memmovea.o(.text)
    __aeabi_memmove8                         0x0800a265   Thumb Code     0  memmovea.o(.text)
    __aeabi_memset                           0x0800a2a5   Thumb Code    14  memseta.o(.text)
    __aeabi_memset4                          0x0800a2a5   Thumb Code     0  memseta.o(.text)
    __aeabi_memset8                          0x0800a2a5   Thumb Code     0  memseta.o(.text)
    __aeabi_memclr                           0x0800a2b3   Thumb Code     4  memseta.o(.text)
    __aeabi_memclr4                          0x0800a2b3   Thumb Code     0  memseta.o(.text)
    __aeabi_memclr8                          0x0800a2b3   Thumb Code     0  memseta.o(.text)
    _memset$wrapper                          0x0800a2b7   Thumb Code    18  memseta.o(.text)
    strstr                                   0x0800a2c9   Thumb Code    36  strstr.o(.text)
    strchr                                   0x0800a2ed   Thumb Code    20  strchr.o(.text)
    strlen                                   0x0800a301   Thumb Code    14  strlen.o(.text)
    strcmp                                   0x0800a30f   Thumb Code    28  strcmp.o(.text)
    strcpy                                   0x0800a32b   Thumb Code    18  strcpy.o(.text)
    __aeabi_fadd                             0x0800a33d   Thumb Code   164  fadd.o(.text)
    __aeabi_fsub                             0x0800a3e1   Thumb Code     6  fadd.o(.text)
    __aeabi_frsub                            0x0800a3e7   Thumb Code     6  fadd.o(.text)
    __aeabi_dmul                             0x0800a3ed   Thumb Code   228  dmul.o(.text)
    __aeabi_ddiv                             0x0800a4d1   Thumb Code   222  ddiv.o(.text)
    __aeabi_ui2f                             0x0800a5af   Thumb Code    10  ffltui.o(.text)
    __aeabi_ui2d                             0x0800a5b9   Thumb Code    26  dfltui.o(.text)
    __aeabi_f2uiz                            0x0800a5d3   Thumb Code    40  ffixui.o(.text)
    __aeabi_d2uiz                            0x0800a5fb   Thumb Code    50  dfixui.o(.text)
    __aeabi_f2d                              0x0800a62d   Thumb Code    38  f2d.o(.text)
    __aeabi_d2f                              0x0800a653   Thumb Code    56  d2f.o(.text)
    __aeabi_uldivmod                         0x0800a68b   Thumb Code    98  uldiv.o(.text)
    __aeabi_llsr                             0x0800a6ed   Thumb Code    32  llushr.o(.text)
    _ll_ushift_r                             0x0800a6ed   Thumb Code     0  llushr.o(.text)
    __I$use$fp                               0x0800a70d   Thumb Code     0  iusefp.o(.text)
    _float_round                             0x0800a70d   Thumb Code    18  fepilogue.o(.text)
    _float_epilogue                          0x0800a71f   Thumb Code    92  fepilogue.o(.text)
    _double_round                            0x0800a77b   Thumb Code    30  depilogue.o(.text)
    _double_epilogue                         0x0800a799   Thumb Code   156  depilogue.o(.text)
    __aeabi_dadd                             0x0800a835   Thumb Code   322  dadd.o(.text)
    __aeabi_dsub                             0x0800a977   Thumb Code     6  dadd.o(.text)
    __aeabi_drsub                            0x0800a97d   Thumb Code     6  dadd.o(.text)
    __aeabi_d2ulz                            0x0800a983   Thumb Code    48  dfixul.o(.text)
    __aeabi_cdrcmple                         0x0800a9b5   Thumb Code    48  cdrcmple.o(.text)
    __scatterload                            0x0800a9e5   Thumb Code    28  init.o(.text)
    __scatterload_rt2                        0x0800a9e5   Thumb Code     0  init.o(.text)
    __aeabi_llsl                             0x0800aa09   Thumb Code    30  llshl.o(.text)
    _ll_shift_l                              0x0800aa09   Thumb Code     0  llshl.o(.text)
    __aeabi_lasr                             0x0800aa27   Thumb Code    36  llsshr.o(.text)
    _ll_sshift_r                             0x0800aa27   Thumb Code     0  llsshr.o(.text)
    __decompress                             0x0800aa4b   Thumb Code     0  __dczerorl2.o(.text)
    __decompress1                            0x0800aa4b   Thumb Code    86  __dczerorl2.o(.text)
    __0printf                                0x0800aaa1   Thumb Code    22  printfa.o(i.__0printf)
    __1printf                                0x0800aaa1   Thumb Code     0  printfa.o(i.__0printf)
    __2printf                                0x0800aaa1   Thumb Code     0  printfa.o(i.__0printf)
    __c89printf                              0x0800aaa1   Thumb Code     0  printfa.o(i.__0printf)
    printf                                   0x0800aaa1   Thumb Code     0  printfa.o(i.__0printf)
    __0snprintf                              0x0800aac1   Thumb Code    44  printfa.o(i.__0snprintf)
    __1snprintf                              0x0800aac1   Thumb Code     0  printfa.o(i.__0snprintf)
    __2snprintf                              0x0800aac1   Thumb Code     0  printfa.o(i.__0snprintf)
    __c89snprintf                            0x0800aac1   Thumb Code     0  printfa.o(i.__0snprintf)
    snprintf                                 0x0800aac1   Thumb Code     0  printfa.o(i.__0snprintf)
    __0sprintf                               0x0800aaf1   Thumb Code    34  printfa.o(i.__0sprintf)
    __1sprintf                               0x0800aaf1   Thumb Code     0  printfa.o(i.__0sprintf)
    __2sprintf                               0x0800aaf1   Thumb Code     0  printfa.o(i.__0sprintf)
    __c89sprintf                             0x0800aaf1   Thumb Code     0  printfa.o(i.__0sprintf)
    sprintf                                  0x0800aaf1   Thumb Code     0  printfa.o(i.__0sprintf)
    __0vsnprintf                             0x0800ab19   Thumb Code    40  printfa.o(i.__0vsnprintf)
    __1vsnprintf                             0x0800ab19   Thumb Code     0  printfa.o(i.__0vsnprintf)
    __2vsnprintf                             0x0800ab19   Thumb Code     0  printfa.o(i.__0vsnprintf)
    __c89vsnprintf                           0x0800ab19   Thumb Code     0  printfa.o(i.__0vsnprintf)
    vsnprintf                                0x0800ab19   Thumb Code     0  printfa.o(i.__0vsnprintf)
    __0vsprintf                              0x0800ab45   Thumb Code    30  printfa.o(i.__0vsprintf)
    __1vsprintf                              0x0800ab45   Thumb Code     0  printfa.o(i.__0vsprintf)
    __2vsprintf                              0x0800ab45   Thumb Code     0  printfa.o(i.__0vsprintf)
    __c89vsprintf                            0x0800ab45   Thumb Code     0  printfa.o(i.__0vsprintf)
    vsprintf                                 0x0800ab45   Thumb Code     0  printfa.o(i.__0vsprintf)
    __ARM_common_switch8                     0x0800ab69   Thumb Code    26  dump.o(i.__ARM_common_switch8)
    __ARM_isinf                              0x0800ab83   Thumb Code    22  value.o(i.__ARM_isinf)
    __ARM_isnan                              0x0800ab99   Thumb Code    20  value.o(i.__ARM_isnan)
    __scatterload_copy                       0x0800abb1   Thumb Code    14  handlers.o(i.__scatterload_copy)
    __scatterload_null                       0x0800abbf   Thumb Code     2  handlers.o(i.__scatterload_null)
    __scatterload_zeroinit                   0x0800abc1   Thumb Code    14  handlers.o(i.__scatterload_zeroinit)
    free                                     0x0800ba21   Thumb Code    76  malloc.o(i.free)
    hashtable_close                          0x0800bbb5   Thumb Code    16  hashtable.o(i.hashtable_close)
    hashtable_get                            0x0800bc99   Thumb Code    58  hashtable.o(i.hashtable_get)
    hashtable_init                           0x0800bcd9   Thumb Code    72  hashtable.o(i.hashtable_init)
    hashtable_iter                           0x0800bd21   Thumb Code    12  hashtable.o(i.hashtable_iter)
    hashtable_iter_key                       0x0800bd2d   Thumb Code     4  hashtable.o(i.hashtable_iter_key)
    hashtable_iter_next                      0x0800bd31   Thumb Code    14  hashtable.o(i.hashtable_iter_next)
    hashtable_iter_serial                    0x0800bd3f   Thumb Code     4  hashtable.o(i.hashtable_iter_serial)
    hashtable_iter_value                     0x0800bd43   Thumb Code     4  hashtable.o(i.hashtable_iter_value)
    hashtable_set                            0x0800bd49   Thumb Code   168  hashtable.o(i.hashtable_set)
    json_array                               0x0800be1f   Thumb Code    54  value.o(i.json_array)
    json_array_append_new                    0x0800be55   Thumb Code    68  value.o(i.json_array_append_new)
    json_array_get                           0x0800be9d   Thumb Code    28  value.o(i.json_array_get)
    json_array_size                          0x0800bf05   Thumb Code    18  value.o(i.json_array_size)
    json_delete                              0x0800bf5f   Thumb Code    84  value.o(i.json_delete)
    json_dump_callback                       0x0800bfb3   Thumb Code    42  dump.o(i.json_dump_callback)
    json_dumps                               0x0800bfdd   Thumb Code    62  dump.o(i.json_dumps)
    json_false                               0x0800c021   Thumb Code     4  value.o(i.json_false)
    json_integer                             0x0800c039   Thumb Code    28  value.o(i.json_integer)
    json_integer_value                       0x0800c055   Thumb Code    24  value.o(i.json_integer_value)
    json_null                                0x0800c06d   Thumb Code     4  value.o(i.json_null)
    json_object                              0x0800c075   Thumb Code    70  value.o(i.json_object)
    json_object_get                          0x0800c0c1   Thumb Code    28  value.o(i.json_object_get)
    json_object_iter                         0x0800c0dd   Thumb Code    24  value.o(i.json_object_iter)
    json_object_iter_key                     0x0800c0f5   Thumb Code    12  value.o(i.json_object_iter_key)
    json_object_iter_next                    0x0800c101   Thumb Code    28  value.o(i.json_object_iter_next)
    json_object_iter_value                   0x0800c11d   Thumb Code    12  value.o(i.json_object_iter_value)
    json_object_seed                         0x0800c129   Thumb Code    34  hashtable_seed.o(i.json_object_seed)
    json_object_set_new_nocheck              0x0800c151   Thumb Code    58  value.o(i.json_object_set_new_nocheck)
    json_object_size                         0x0800c191   Thumb Code    18  value.o(i.json_object_size)
    json_pack                                0x0800c1a3   Thumb Code    24  pack_unpack.o(i.json_pack)
    json_real                                0x0800c1bb   Thumb Code    52  value.o(i.json_real)
    json_real_value                          0x0800c1ef   Thumb Code    24  value.o(i.json_real_value)
    json_string_length                       0x0800c207   Thumb Code    18  value.o(i.json_string_length)
    json_string_value                        0x0800c219   Thumb Code    18  value.o(i.json_string_value)
    json_stringn_nocheck                     0x0800c22b   Thumb Code    10  value.o(i.json_stringn_nocheck)
    json_true                                0x0800c235   Thumb Code     4  value.o(i.json_true)
    json_vpack_ex                            0x0800c23d   Thumb Code   128  pack_unpack.o(i.json_vpack_ex)
    jsonp_dtostr                             0x0800c301   Thumb Code   150  strconv.o(i.jsonp_dtostr)
    jsonp_error_init                         0x0800c3a1   Thumb Code    34  error.o(i.jsonp_error_init)
    jsonp_error_set                          0x0800c3c3   Thumb Code    16  error.o(i.jsonp_error_set)
    jsonp_error_set_source                   0x0800c3d5   Thumb Code    56  error.o(i.jsonp_error_set_source)
    jsonp_error_vset                         0x0800c411   Thumb Code    44  error.o(i.jsonp_error_vset)
    jsonp_free                               0x0800c43d   Thumb Code    12  memory.o(i.jsonp_free)
    jsonp_malloc                             0x0800c44d   Thumb Code    12  memory.o(i.jsonp_malloc)
    jsonp_strdup                             0x0800c45d   Thumb Code    18  memory.o(i.jsonp_strdup)
    jsonp_stringn_nocheck_own                0x0800c46f   Thumb Code    10  value.o(i.jsonp_stringn_nocheck_own)
    jsonp_strndup                            0x0800c479   Thumb Code    36  memory.o(i.jsonp_strndup)
    malloc                                   0x0800c4ad   Thumb Code    92  malloc.o(i.malloc)
    strbuffer_append_bytes                   0x0800ca81   Thumb Code   108  strbuffer.o(i.strbuffer_append_bytes)
    strbuffer_close                          0x0800caf1   Thumb Code    24  strbuffer.o(i.strbuffer_close)
    strbuffer_init                           0x0800cb09   Thumb Code    34  strbuffer.o(i.strbuffer_init)
    strbuffer_steal_value                    0x0800cb2b   Thumb Code    10  strbuffer.o(i.strbuffer_steal_value)
    strbuffer_value                          0x0800cb35   Thumb Code     4  strbuffer.o(i.strbuffer_value)
    utf8_check_first                         0x0800cb77   Thumb Code    60  utf.o(i.utf8_check_first)
    utf8_check_full                          0x0800cbb5   Thumb Code   126  utf.o(i.utf8_check_full)
    utf8_check_string                        0x0800cc3d   Thumb Code    62  utf.o(i.utf8_check_string)
    utf8_iterate                             0x0800cc7b   Thumb Code    64  utf.o(i.utf8_iterate)
    asc2_1206                                0x0800ccba   Data        1140  lcd.o(.constdata)
    asc2_1608                                0x0800d12e   Data        1520  lcd.o(.constdata)
    asc2_2412                                0x0800d71e   Data        3420  lcd.o(.constdata)
    Region$$Table$$Base                      0x0800e49c   Number         0  anon$$obj.o(Region$$Table)
    Region$$Table$$Limit                     0x0800e4bc   Number         0  anon$$obj.o(Region$$Table)
    send_enable                              0x20000000   Data           1  main.o(.data)
    send_trash_enable                        0x20000001   Data           1  main.o(.data)
    Weight_Shiwu                             0x20000004   Data           4  main.o(.data)
    StartTask_Handler                        0x20000008   Data           4  main.o(.data)
    KeyTask_Handler                          0x2000000c   Data           4  main.o(.data)
    Task1Task_Handler                        0x20000010   Data           4  main.o(.data)
    Task2Task_Handler                        0x20000014   Data           4  main.o(.data)
    lcd_discolor                             0x20000018   Data          56  main.o(.data)
    SystemCoreClock                          0x20000050   Data           4  system_stm32f10x.o(.data)
    AHBPrescTable                            0x20000054   Data          16  system_stm32f10x.o(.data)
    POINT_COLOR                              0x20000064   Data           2  lcd.o(.data)
    BACK_COLOR                               0x20000066   Data           2  lcd.o(.data)
    Scan_Wtime                               0x20000069   Data           1  sim800c.o(.data)
    USART2_RX_STA                            0x2000006c   Data           2  usart2.o(.data)
    USART_RX_STA                             0x20000072   Data           2  usart.o(.data)
    __stdout                                 0x20000074   Data           4  usart.o(.data)
    pxCurrentTCB                             0x2000008c   Data           4  tasks.o(.data)
    hashtable_seed                           0x20000120   Data           4  hashtable_seed.o(.data)
    __microlib_freelist                      0x20000124   Data           4  mvars.o(.data)
    __microlib_freelist_initialised          0x20000128   Data           4  mvars.o(.data)
    lcddev                                   0x2000012c   Data          14  lcd.o(.bss)
    USART2_TX_BUF                            0x20000140   Data        1024  usart2.o(.bss)
    USART2_RX_BUF                            0x20000540   Data        1024  usart2.o(.bss)
    USART_RX_BUF                             0x20000940   Data         200  usart.o(.bss)
    xQueueRegistry                           0x20000a08   Data          64  queue.o(.bss)
    __heap_base                              0x20005d58   Data           0  startup_stm32f10x_hd.o(HEAP)
    __heap_limit                             0x20006958   Data           0  startup_stm32f10x_hd.o(HEAP)
    __initial_sp                             0x20006d58   Data           0  startup_stm32f10x_hd.o(STACK)



==============================================================================

Memory Map of the image

  Image Entry point : 0x08000131

  Load Region LR_IROM1 (Base: 0x08000000, Size: 0x0000e5e8, Max: 0x00040000, ABSOLUTE, COMPRESSED[0x0000e514])

    Execution Region ER_IROM1 (Base: 0x08000000, Size: 0x0000e4bc, Max: 0x00040000, ABSOLUTE)

    Base Addr    Size         Type   Attr      Idx    E Section Name        Object

    0x08000000   0x00000130   Data   RO          482    RESET               startup_stm32f10x_hd.o
    0x08000130   0x00000000   Code   RO         1817  * .ARM.Collect$$$$00000000  mc_w.l(entry.o)
    0x08000130   0x00000004   Code   RO         2174    .ARM.Collect$$$$00000001  mc_w.l(entry2.o)
    0x08000134   0x00000004   Code   RO         2177    .ARM.Collect$$$$00000004  mc_w.l(entry5.o)
    0x08000138   0x00000000   Code   RO         2179    .ARM.Collect$$$$00000008  mc_w.l(entry7b.o)
    0x08000138   0x00000000   Code   RO         2181    .ARM.Collect$$$$0000000A  mc_w.l(entry8b.o)
    0x08000138   0x00000008   Code   RO         2182    .ARM.Collect$$$$0000000B  mc_w.l(entry9a.o)
    0x08000140   0x00000000   Code   RO         2184    .ARM.Collect$$$$0000000D  mc_w.l(entry10a.o)
    0x08000140   0x00000000   Code   RO         2186    .ARM.Collect$$$$0000000F  mc_w.l(entry11a.o)
    0x08000140   0x00000004   Code   RO         2175    .ARM.Collect$$$$00002712  mc_w.l(entry2.o)
    0x08000144   0x00000096   Code   RO          700    .emb_text           port.o
    0x080001da   0x00000002   PAD
    0x080001dc   0x000004b0   Code   RO            1    .text               main.o
    0x0800068c   0x0000000c   Code   RO          187    .text               stm32f10x_it.o
    0x08000698   0x00000158   Code   RO          228    .text               system_stm32f10x.o
    0x080007f0   0x00000054   Code   RO          246    .text               led.o
    0x08000844   0x00004e18   Code   RO          258    .text               lcd.o
    0x0800565c   0x00000128   Code   RO          289    .text               timer.o
    0x08005784   0x00000140   Code   RO          305    .text               exti.o
    0x080058c4   0x00000100   Code   RO          324    .text               key.o
    0x080059c4   0x000000d8   Code   RO          337    .text               hx711.o
    0x08005a9c   0x0000002c   Code   RO          349    .text               motor.o
    0x08005ac8   0x000003d4   Code   RO          361    .text               sim800c.o
    0x08005e9c   0x000002b4   Code   RO          382    .text               usart2.o
    0x08006150   0x000000d8   Code   RO          402    .text               delay.o
    0x08006228   0x00000114   Code   RO          443    .text               usart.o
    0x0800633c   0x00000024   Code   RO          483    .text               startup_stm32f10x_hd.o
    0x08006360   0x000000b0   Code   RO          487    .text               misc.o
    0x08006410   0x00000264   Code   RO          499    .text               stm32f10x_gpio.o
    0x08006674   0x000002b8   Code   RO          511    .text               stm32f10x_rcc.o
    0x0800692c   0x00000328   Code   RO          525    .text               stm32f10x_usart.o
    0x08006c54   0x00000af0   Code   RO          537    .text               stm32f10x_tim.o
    0x08007744   0x000000e8   Code   RO          550    .text               stm32f10x_exti.o
    0x0800782c   0x000001c8   Code   RO          562    .text               stm32f10x_dma.o
    0x080079f4   0x00000088   Code   RO          619    .text               list.o
    0x08007a7c   0x00000aac   Code   RO          631    .text               queue.o
    0x08008528   0x0000134c   Code   RO          653    .text               tasks.o
    0x08009874   0x00000518   Code   RO          685    .text               timers.o
    0x08009d8c   0x000001f8   Code   RO          701    .text               port.o
    0x08009f84   0x00000214   Code   RO          731    .text               heap_4.o
    0x0800a198   0x00000004   Code   RO          770    .text               jansson_config.o
    0x0800a19c   0x0000002c   Code   RO         1828    .text               mc_w.l(uidiv.o)
    0x0800a1c8   0x0000009c   Code   RO         1830    .text               mc_w.l(qsort.o)
    0x0800a264   0x00000040   Code   RO         1836    .text               mc_w.l(memmovea.o)
    0x0800a2a4   0x00000024   Code   RO         1838    .text               mc_w.l(memseta.o)
    0x0800a2c8   0x00000024   Code   RO         1840    .text               mc_w.l(strstr.o)
    0x0800a2ec   0x00000014   Code   RO         1842    .text               mc_w.l(strchr.o)
    0x0800a300   0x0000000e   Code   RO         1844    .text               mc_w.l(strlen.o)
    0x0800a30e   0x0000001c   Code   RO         1846    .text               mc_w.l(strcmp.o)
    0x0800a32a   0x00000012   Code   RO         1850    .text               mc_w.l(strcpy.o)
    0x0800a33c   0x000000b0   Code   RO         2152    .text               mf_w.l(fadd.o)
    0x0800a3ec   0x000000e4   Code   RO         2154    .text               mf_w.l(dmul.o)
    0x0800a4d0   0x000000de   Code   RO         2156    .text               mf_w.l(ddiv.o)
    0x0800a5ae   0x0000000a   Code   RO         2158    .text               mf_w.l(ffltui.o)
    0x0800a5b8   0x0000001a   Code   RO         2160    .text               mf_w.l(dfltui.o)
    0x0800a5d2   0x00000028   Code   RO         2164    .text               mf_w.l(ffixui.o)
    0x0800a5fa   0x00000032   Code   RO         2166    .text               mf_w.l(dfixui.o)
    0x0800a62c   0x00000026   Code   RO         2168    .text               mf_w.l(f2d.o)
    0x0800a652   0x00000038   Code   RO         2172    .text               mf_w.l(d2f.o)
    0x0800a68a   0x00000062   Code   RO         2188    .text               mc_w.l(uldiv.o)
    0x0800a6ec   0x00000020   Code   RO         2190    .text               mc_w.l(llushr.o)
    0x0800a70c   0x00000000   Code   RO         2196    .text               mc_w.l(iusefp.o)
    0x0800a70c   0x0000006e   Code   RO         2197    .text               mf_w.l(fepilogue.o)
    0x0800a77a   0x000000ba   Code   RO         2199    .text               mf_w.l(depilogue.o)
    0x0800a834   0x0000014e   Code   RO         2201    .text               mf_w.l(dadd.o)
    0x0800a982   0x00000030   Code   RO         2203    .text               mf_w.l(dfixul.o)
    0x0800a9b2   0x00000002   PAD
    0x0800a9b4   0x00000030   Code   RO         2205    .text               mf_w.l(cdrcmple.o)
    0x0800a9e4   0x00000024   Code   RO         2207    .text               mc_w.l(init.o)
    0x0800aa08   0x0000001e   Code   RO         2209    .text               mc_w.l(llshl.o)
    0x0800aa26   0x00000024   Code   RO         2211    .text               mc_w.l(llsshr.o)
    0x0800aa4a   0x00000056   Code   RO         2234    .text               mc_w.l(__dczerorl2.o)
    0x0800aaa0   0x00000020   Code   RO         2089    i.__0printf         mc_w.l(printfa.o)
    0x0800aac0   0x00000030   Code   RO         2090    i.__0snprintf       mc_w.l(printfa.o)
    0x0800aaf0   0x00000028   Code   RO         2091    i.__0sprintf        mc_w.l(printfa.o)
    0x0800ab18   0x0000002c   Code   RO         2094    i.__0vsnprintf      mc_w.l(printfa.o)
    0x0800ab44   0x00000024   Code   RO         2095    i.__0vsprintf       mc_w.l(printfa.o)
    0x0800ab68   0x0000001a   Code   RO          844    i.__ARM_common_switch8  jansson_CM3LE.lib(dump.o)
    0x0800ab82   0x00000016   Code   RO         1746    i.__ARM_isinf       jansson_CM3LE.lib(value.o)
    0x0800ab98   0x00000018   Code   RO         1751    i.__ARM_isnan       jansson_CM3LE.lib(value.o)
    0x0800abb0   0x0000000e   Code   RO         2228    i.__scatterload_copy  mc_w.l(handlers.o)
    0x0800abbe   0x00000002   Code   RO         2229    i.__scatterload_null  mc_w.l(handlers.o)
    0x0800abc0   0x0000000e   Code   RO         2230    i.__scatterload_zeroinit  mc_w.l(handlers.o)
    0x0800abce   0x00000002   PAD
    0x0800abd0   0x00000184   Code   RO         2096    i._fp_digits        mc_w.l(printfa.o)
    0x0800ad54   0x000006dc   Code   RO         2097    i._printf_core      mc_w.l(printfa.o)
    0x0800b430   0x00000024   Code   RO         2098    i._printf_post_padding  mc_w.l(printfa.o)
    0x0800b454   0x0000002e   Code   RO         2099    i._printf_pre_padding  mc_w.l(printfa.o)
    0x0800b482   0x00000016   Code   RO         2100    i._snputc           mc_w.l(printfa.o)
    0x0800b498   0x0000000a   Code   RO         2101    i._sputc            mc_w.l(printfa.o)
    0x0800b4a2   0x00000018   Code   RO         1400    i.array_copy        jansson_CM3LE.lib(value.o)
    0x0800b4ba   0x00000016   Code   RO         1070    i.bucket_is_empty   jansson_CM3LE.lib(hashtable.o)
    0x0800b4d0   0x00000394   Code   RO          782    i.do_dump           jansson_CM3LE.lib(dump.o)
    0x0800b864   0x00000060   Code   RO          783    i.dump_indent       jansson_CM3LE.lib(dump.o)
    0x0800b8c4   0x0000014c   Code   RO          784    i.dump_string       jansson_CM3LE.lib(dump.o)
    0x0800ba10   0x00000010   Code   RO          786    i.dump_to_strbuffer  jansson_CM3LE.lib(dump.o)
    0x0800ba20   0x00000050   Code   RO         2117    i.free              mc_w.l(malloc.o)
    0x0800ba70   0x00000144   Code   RO         1071    i.hashlittle        jansson_CM3LE.lib(hashtable.o)
    0x0800bbb4   0x00000010   Code   RO         1073    i.hashtable_close   jansson_CM3LE.lib(hashtable.o)
    0x0800bbc4   0x00000022   Code   RO         1075    i.hashtable_do_clear  jansson_CM3LE.lib(hashtable.o)
    0x0800bbe6   0x00000076   Code   RO         1077    i.hashtable_do_rehash  jansson_CM3LE.lib(hashtable.o)
    0x0800bc5c   0x0000003c   Code   RO         1078    i.hashtable_find_pair  jansson_CM3LE.lib(hashtable.o)
    0x0800bc98   0x00000040   Code   RO         1079    i.hashtable_get     jansson_CM3LE.lib(hashtable.o)
    0x0800bcd8   0x00000048   Code   RO         1080    i.hashtable_init    jansson_CM3LE.lib(hashtable.o)
    0x0800bd20   0x0000000c   Code   RO         1081    i.hashtable_iter    jansson_CM3LE.lib(hashtable.o)
    0x0800bd2c   0x00000004   Code   RO         1083    i.hashtable_iter_key  jansson_CM3LE.lib(hashtable.o)
    0x0800bd30   0x0000000e   Code   RO         1084    i.hashtable_iter_next  jansson_CM3LE.lib(hashtable.o)
    0x0800bd3e   0x00000004   Code   RO         1085    i.hashtable_iter_serial  jansson_CM3LE.lib(hashtable.o)
    0x0800bd42   0x00000004   Code   RO         1087    i.hashtable_iter_value  jansson_CM3LE.lib(hashtable.o)
    0x0800bd46   0x00000002   PAD
    0x0800bd48   0x000000ac   Code   RO         1088    i.hashtable_set     jansson_CM3LE.lib(hashtable.o)
    0x0800bdf4   0x0000002a   Code   RO         1089    i.insert_to_bucket  jansson_CM3LE.lib(hashtable.o)
    0x0800be1e   0x00000036   Code   RO         1402    i.json_array        jansson_CM3LE.lib(value.o)
    0x0800be54   0x00000048   Code   RO         1403    i.json_array_append_new  jansson_CM3LE.lib(value.o)
    0x0800be9c   0x0000001c   Code   RO         1406    i.json_array_get    jansson_CM3LE.lib(value.o)
    0x0800beb8   0x0000004c   Code   RO         1407    i.json_array_grow   jansson_CM3LE.lib(value.o)
    0x0800bf04   0x00000012   Code   RO         1411    i.json_array_size   jansson_CM3LE.lib(value.o)
    0x0800bf16   0x00000018   Code   RO          890    i.json_decref       jansson_CM3LE.lib(pack_unpack.o)
    0x0800bf2e   0x00000018   Code   RO         1090    i.json_decref       jansson_CM3LE.lib(hashtable.o)
    0x0800bf46   0x00000018   Code   RO         1413    i.json_decref       jansson_CM3LE.lib(value.o)
    0x0800bf5e   0x00000054   Code   RO         1415    i.json_delete       jansson_CM3LE.lib(value.o)
    0x0800bfb2   0x0000002a   Code   RO          787    i.json_dump_callback  jansson_CM3LE.lib(dump.o)
    0x0800bfdc   0x00000044   Code   RO          790    i.json_dumps        jansson_CM3LE.lib(dump.o)
    0x0800c020   0x00000008   Code   RO         1417    i.json_false        jansson_CM3LE.lib(value.o)
    0x0800c028   0x00000010   Code   RO          891    i.json_incref       jansson_CM3LE.lib(pack_unpack.o)
    0x0800c038   0x0000001c   Code   RO         1419    i.json_integer      jansson_CM3LE.lib(value.o)
    0x0800c054   0x00000018   Code   RO         1421    i.json_integer_value  jansson_CM3LE.lib(value.o)
    0x0800c06c   0x00000008   Code   RO         1422    i.json_null         jansson_CM3LE.lib(value.o)
    0x0800c074   0x0000004c   Code   RO         1424    i.json_object       jansson_CM3LE.lib(value.o)
    0x0800c0c0   0x0000001c   Code   RO         1429    i.json_object_get   jansson_CM3LE.lib(value.o)
    0x0800c0dc   0x00000018   Code   RO         1430    i.json_object_iter  jansson_CM3LE.lib(value.o)
    0x0800c0f4   0x0000000c   Code   RO         1432    i.json_object_iter_key  jansson_CM3LE.lib(value.o)
    0x0800c100   0x0000001c   Code   RO         1433    i.json_object_iter_next  jansson_CM3LE.lib(value.o)
    0x0800c11c   0x0000000c   Code   RO         1435    i.json_object_iter_value  jansson_CM3LE.lib(value.o)
    0x0800c128   0x00000028   Code   RO         1795    i.json_object_seed  jansson_CM3LE.lib(hashtable_seed.o)
    0x0800c150   0x00000040   Code   RO         1438    i.json_object_set_new_nocheck  jansson_CM3LE.lib(value.o)
    0x0800c190   0x00000012   Code   RO         1440    i.json_object_size  jansson_CM3LE.lib(value.o)
    0x0800c1a2   0x00000018   Code   RO          892    i.json_pack         jansson_CM3LE.lib(pack_unpack.o)
    0x0800c1ba   0x00000034   Code   RO         1444    i.json_real         jansson_CM3LE.lib(value.o)
    0x0800c1ee   0x00000018   Code   RO         1446    i.json_real_value   jansson_CM3LE.lib(value.o)
    0x0800c206   0x00000012   Code   RO         1449    i.json_string_length  jansson_CM3LE.lib(value.o)
    0x0800c218   0x00000012   Code   RO         1455    i.json_string_value  jansson_CM3LE.lib(value.o)
    0x0800c22a   0x0000000a   Code   RO         1457    i.json_stringn_nocheck  jansson_CM3LE.lib(value.o)
    0x0800c234   0x00000008   Code   RO         1458    i.json_true         jansson_CM3LE.lib(value.o)
    0x0800c23c   0x000000c4   Code   RO          896    i.json_vpack_ex     jansson_CM3LE.lib(pack_unpack.o)
    0x0800c300   0x000000a0   Code   RO         1333    i.jsonp_dtostr      jansson_CM3LE.lib(strconv.o)
    0x0800c3a0   0x00000022   Code   RO         1025    i.jsonp_error_init  jansson_CM3LE.lib(error.o)
    0x0800c3c2   0x00000010   Code   RO         1026    i.jsonp_error_set   jansson_CM3LE.lib(error.o)
    0x0800c3d2   0x00000002   PAD
    0x0800c3d4   0x0000003c   Code   RO         1027    i.jsonp_error_set_source  jansson_CM3LE.lib(error.o)
    0x0800c410   0x0000002c   Code   RO         1028    i.jsonp_error_vset  jansson_CM3LE.lib(error.o)
    0x0800c43c   0x00000010   Code   RO         1228    i.jsonp_free        jansson_CM3LE.lib(memory.o)
    0x0800c44c   0x00000010   Code   RO         1229    i.jsonp_malloc      jansson_CM3LE.lib(memory.o)
    0x0800c45c   0x00000012   Code   RO         1230    i.jsonp_strdup      jansson_CM3LE.lib(memory.o)
    0x0800c46e   0x0000000a   Code   RO         1459    i.jsonp_stringn_nocheck_own  jansson_CM3LE.lib(value.o)
    0x0800c478   0x00000024   Code   RO         1231    i.jsonp_strndup     jansson_CM3LE.lib(memory.o)
    0x0800c49c   0x0000000e   Code   RO         1091    i.list_insert       jansson_CM3LE.lib(hashtable.o)
    0x0800c4aa   0x00000002   PAD
    0x0800c4ac   0x0000006c   Code   RO         2118    i.malloc            mc_w.l(malloc.o)
    0x0800c518   0x00000080   Code   RO          898    i.next_token        jansson_CM3LE.lib(pack_unpack.o)
    0x0800c598   0x0000000c   Code   RO          791    i.object_key_compare_keys  jansson_CM3LE.lib(dump.o)
    0x0800c5a4   0x0000001a   Code   RO          792    i.object_key_compare_serials  jansson_CM3LE.lib(dump.o)
    0x0800c5be   0x00000002   PAD
    0x0800c5c0   0x00000118   Code   RO          899    i.pack              jansson_CM3LE.lib(pack_unpack.o)
    0x0800c6d8   0x000000b0   Code   RO          900    i.pack_array        jansson_CM3LE.lib(pack_unpack.o)
    0x0800c788   0x00000130   Code   RO          901    i.pack_object       jansson_CM3LE.lib(pack_unpack.o)
    0x0800c8b8   0x00000014   Code   RO          902    i.prev_token        jansson_CM3LE.lib(pack_unpack.o)
    0x0800c8cc   0x0000015c   Code   RO          903    i.read_string       jansson_CM3LE.lib(pack_unpack.o)
    0x0800ca28   0x0000002c   Code   RO          904    i.scanner_init      jansson_CM3LE.lib(pack_unpack.o)
    0x0800ca54   0x0000002c   Code   RO          905    i.set_error         jansson_CM3LE.lib(pack_unpack.o)
    0x0800ca80   0x00000070   Code   RO         1275    i.strbuffer_append_bytes  jansson_CM3LE.lib(strbuffer.o)
    0x0800caf0   0x00000018   Code   RO         1277    i.strbuffer_close   jansson_CM3LE.lib(strbuffer.o)
    0x0800cb08   0x00000022   Code   RO         1278    i.strbuffer_init    jansson_CM3LE.lib(strbuffer.o)
    0x0800cb2a   0x0000000a   Code   RO         1280    i.strbuffer_steal_value  jansson_CM3LE.lib(strbuffer.o)
    0x0800cb34   0x00000004   Code   RO         1281    i.strbuffer_value   jansson_CM3LE.lib(strbuffer.o)
    0x0800cb38   0x0000003e   Code   RO         1460    i.string_create     jansson_CM3LE.lib(value.o)
    0x0800cb76   0x0000003c   Code   RO         1364    i.utf8_check_first  jansson_CM3LE.lib(utf.o)
    0x0800cbb2   0x00000002   PAD
    0x0800cbb4   0x00000088   Code   RO         1365    i.utf8_check_full   jansson_CM3LE.lib(utf.o)
    0x0800cc3c   0x0000003e   Code   RO         1366    i.utf8_check_string  jansson_CM3LE.lib(utf.o)
    0x0800cc7a   0x00000040   Code   RO         1368    i.utf8_iterate      jansson_CM3LE.lib(utf.o)
    0x0800ccba   0x000017c0   Data   RO          260    .constdata          lcd.o
    0x0800e47a   0x00000021   Data   RO          793    .constdata          jansson_CM3LE.lib(dump.o)
    0x0800e49b   0x00000001   PAD
    0x0800e49c   0x00000020   Data   RO         2226    Region$$Table       anon$$obj.o


    Execution Region RW_IRAM1 (Base: 0x20000000, Size: 0x00006d58, Max: 0x0000c000, ABSOLUTE, COMPRESSED[0x00000058])

    Base Addr    Size         Type   Attr      Idx    E Section Name        Object

    0x20000000   0x00000050   Data   RW            2    .data               main.o
    0x20000050   0x00000014   Data   RW          229    .data               system_stm32f10x.o
    0x20000064   0x00000004   Data   RW          261    .data               lcd.o
    0x20000068   0x00000001   Data   RW          325    .data               key.o
    0x20000069   0x00000001   Data   RW          362    .data               sim800c.o
    0x2000006a   0x00000004   Data   RW          384    .data               usart2.o
    0x2000006e   0x00000004   Data   RW          403    .data               delay.o
    0x20000072   0x00000002   Data   RW          445    .data               usart.o
    0x20000074   0x00000004   Data   RW          446    .data               usart.o
    0x20000078   0x00000014   Data   RW          512    .data               stm32f10x_rcc.o
    0x2000008c   0x0000003c   Data   RW          655    .data               tasks.o
    0x200000c8   0x00000014   Data   RW          687    .data               timers.o
    0x200000dc   0x0000000c   Data   RW          702    .data               port.o
    0x200000e8   0x00000018   Data   RW          733    .data               heap_4.o
    0x20000100   0x00000008   Data   RW         1232    .data               jansson_CM3LE.lib(memory.o)
    0x20000108   0x00000018   Data   RW         1461    .data               jansson_CM3LE.lib(value.o)
    0x20000120   0x00000004   Data   RW         1796    .data               jansson_CM3LE.lib(hashtable_seed.o)
    0x20000124   0x00000004   Data   RW         2192    .data               mc_w.l(mvars.o)
    0x20000128   0x00000004   Data   RW         2193    .data               mc_w.l(mvars.o)
    0x2000012c   0x0000000e   Zero   RW          259    .bss                lcd.o
    0x2000013a   0x00000006   PAD
    0x20000140   0x00000800   Zero   RW          383    .bss                usart2.o
    0x20000940   0x000000c8   Zero   RW          444    .bss                usart.o
    0x20000a08   0x00000040   Zero   RW          632    .bss                queue.o
    0x20000a48   0x000002e4   Zero   RW          654    .bss                tasks.o
    0x20000d2c   0x00000028   Zero   RW          686    .bss                timers.o
    0x20000d54   0x00005000   Zero   RW          732    .bss                heap_4.o
    0x20005d54   0x00000004   PAD
    0x20005d58   0x00000c00   Zero   RW          481    HEAP                startup_stm32f10x_hd.o
    0x20006958   0x00000400   Zero   RW          480    STACK               startup_stm32f10x_hd.o


==============================================================================

Image component sizes


      Code (inc. data)   RO Data    RW Data    ZI Data      Debug   Object Name

       216         12          0          4          0       1761   delay.o
         0          0          0          0          0      10580   event_groups.o
       320         44          0          0          0       1105   exti.o
       532         66          0         24      20480       3624   heap_4.o
       216          6          0          0          0        880   hx711.o
         4          0          0          0          0        998   jansson_config.o
       256         16          0          1          0        972   key.o
     19992        138       6080          4         14      26837   lcd.o
        84         10          0          0          0        571   led.o
       136          0          0          0          0       1942   list.o
      1200        344          0         80          0     284273   main.o
       176         14          0          0          0       2037   misc.o
        44         14          0          0          0        613   motor.o
       654         94          0         12          0       8013   port.o
      2732         52          0          0         64      19820   queue.o
       980        448          0          1          0       3197   sim800c.o
        36          8        304          0       4096        828   startup_stm32f10x_hd.o
       456         10          0          0          0       4790   stm32f10x_dma.o
       232          8          0          0          0       2543   stm32f10x_exti.o
       612         36          0          0          0       6165   stm32f10x_gpio.o
        12          0          0          0          0        955   stm32f10x_it.o
       696         32          0         20          0       9212   stm32f10x_rcc.o
      2800         84          0          0          0      24102   stm32f10x_tim.o
       808         22          0          0          0       9028   stm32f10x_usart.o
         0          0          0          0          0         32   sys.o
       344         34          0         20          0       1987   system_stm32f10x.o
      4940        180          0         60        740      33734   tasks.o
       296         48          0          0          0       1354   timer.o
      1304        128          0         20         40       9280   timers.o
       276         16          0          6        200       3458   usart.o
       692         32          0          4       2048       3807   usart2.o

    ----------------------------------------------------------------------
     41048       1896       6416        256      27692     478498   Object Totals
         0          0         32          0          0          0   (incl. Generated)
         2          0          0          0         10          0   (incl. Padding)

    ----------------------------------------------------------------------

      Code (inc. data)   RO Data    RW Data    ZI Data      Debug   Library Member Name

      1534        162         33          0          0      17721   dump.o
       154          4          0          0          0       6085   error.o
      1000         32          0          0          0      17697   hashtable.o
        40          6          0          4          0       1280   hashtable_seed.o
        86          8          0          8          0       6121   memory.o
      1604        414          0          0          0      12512   pack_unpack.o
       184          4          0          0          0       3386   strbuffer.o
       160         10          0          0          0        783   strconv.o
       322         10          0          0          0       3128   utf.o
       958         32          0         24          0      25330   value.o
        86          0          0          0          0          0   __dczerorl2.o
         0          0          0          0          0          0   entry.o
         0          0          0          0          0          0   entry10a.o
         0          0          0          0          0          0   entry11a.o
         8          4          0          0          0          0   entry2.o
         4          0          0          0          0          0   entry5.o
         0          0          0          0          0          0   entry7b.o
         0          0          0          0          0          0   entry8b.o
         8          4          0          0          0          0   entry9a.o
        30          0          0          0          0          0   handlers.o
        36          8          0          0          0         68   init.o
         0          0          0          0          0          0   iusefp.o
        30          0          0          0          0         68   llshl.o
        36          0          0          0          0         68   llsshr.o
        32          0          0          0          0         68   llushr.o
       188         20          0          0          0        160   malloc.o
        64          0          0          0          0         76   memmovea.o
        36          0          0          0          0        108   memseta.o
         0          0          0          8          0          0   mvars.o
      2458        110          0          0          0        916   printfa.o
       156          0          0          0          0         88   qsort.o
        20          0          0          0          0         68   strchr.o
        28          0          0          0          0         76   strcmp.o
        18          0          0          0          0         68   strcpy.o
        14          0          0          0          0         68   strlen.o
        36          0          0          0          0         80   strstr.o
        44          0          0          0          0         80   uidiv.o
        98          0          0          0          0         92   uldiv.o
        48          0          0          0          0         68   cdrcmple.o
        56          0          0          0          0         88   d2f.o
       334          0          0          0          0        148   dadd.o
       222          0          0          0          0        100   ddiv.o
       186          0          0          0          0        176   depilogue.o
        50          0          0          0          0         76   dfixui.o
        48          0          0          0          0         68   dfixul.o
        26          0          0          0          0         76   dfltui.o
       228          0          0          0          0         96   dmul.o
        38          0          0          0          0         68   f2d.o
       176          0          0          0          0        140   fadd.o
       110          0          0          0          0        168   fepilogue.o
        40          0          0          0          0         68   ffixui.o
        10          0          0          0          0         68   ffltui.o

    ----------------------------------------------------------------------
     11058        828         34         44          0      97603   Library Totals
        14          0          1          0          0          0   (incl. Padding)

    ----------------------------------------------------------------------

      Code (inc. data)   RO Data    RW Data    ZI Data      Debug   Library Name

      6042        682         33         36          0      94043   jansson_CM3LE.lib
      3430        146          0          8          0       2152   mc_w.l
      1572          0          0          0          0       1408   mf_w.l

    ----------------------------------------------------------------------
     11058        828         34         44          0      97603   Library Totals

    ----------------------------------------------------------------------

==============================================================================


      Code (inc. data)   RO Data    RW Data    ZI Data      Debug   

     52106       2724       6450        300      27692     567257   Grand Totals
     52106       2724       6450         88      27692     567257   ELF Image Totals (compressed)
     52106       2724       6450         88          0          0   ROM Totals

==============================================================================

    Total RO  Size (Code + RO Data)                58556 (  57.18kB)
    Total RW  Size (RW Data + ZI Data)             27992 (  27.34kB)
    Total ROM Size (Code + RO Data + RW Data)      58644 (  57.27kB)

==============================================================================

